Логин: неавторизованный пользователь
Дата и время: 2021-11-26 15:04:41.063277
Вызвана функция: redirect_login
-------------------------------------------
Логин: неавторизованный пользователь
Дата и время: 2021-11-26 15:04:41.084023
Вызвана функция: signin
-------------------------------------------
Логин: неавторизованный пользователь
Дата и время: 2021-11-26 15:04:46.392978
Вызвана функция: signin
-------------------------------------------
Логин: неавторизованный пользователь
Дата и время: 2021-11-26 15:04:46.722763
Вызвана функция: signin
-------------------------------------------
Логин: неавторизованный пользователь
Дата и время: 2021-11-26 15:06:14.871171
Вызвана функция: signin
-------------------------------------------
Логин: turganovai
Дата и время: 2021-11-26 15:06:16.136980
Вызвана функция: index
-------------------------------------------
Логин: неавторизованный пользователь
Дата и время: 2021-11-26 15:14:06.127998
Вызвана функция: redirect_login
-------------------------------------------
Логин: неавторизованный пользователь
Дата и время: 2021-11-26 15:14:06.154689
Вызвана функция: signin
-------------------------------------------
Логин: неавторизованный пользователь
Дата и время: 2021-11-26 15:14:11.037420
Вызвана функция: signin
-------------------------------------------
Логин: неавторизованный пользователь
Дата и время: 2021-11-26 15:14:11.576886
Вызвана функция: signin
-------------------------------------------
Логин: неавторизованный пользователь
Дата и время: 2021-11-26 15:14:18.296706
Вызвана функция: signin
-------------------------------------------
Логин: turganovai
Дата и время: 2021-11-26 15:14:18.941893
Вызвана функция: index
-------------------------------------------
Логин: turganovai
Дата и время: 2021-11-26 15:16:42.027687
Вызвана функция: render_dashapp8_empty_transportations
-------------------------------------------
Логин: неавторизованный пользователь
Дата и время: 2021-11-26 15:21:57.124916
Вызвана функция: redirect_login
-------------------------------------------
Логин: неавторизованный пользователь
Дата и время: 2021-11-26 15:21:57.146688
Вызвана функция: signin
-------------------------------------------
Логин: неавторизованный пользователь
Дата и время: 2021-11-26 15:21:59.293741
Вызвана функция: signin
-------------------------------------------
Логин: неавторизованный пользователь
Дата и время: 2021-11-26 15:21:59.377540
Вызвана функция: signin
-------------------------------------------
Логин: неавторизованный пользователь
Дата и время: 2021-11-26 15:22:00.630665
Вызвана функция: signin
-------------------------------------------
Логин: неавторизованный пользователь
Дата и время: 2021-11-26 15:22:00.946553
Вызвана функция: signin
-------------------------------------------
Логин: неавторизованный пользователь
Дата и время: 2021-11-26 15:22:04.307522
Вызвана функция: signin
-------------------------------------------
Логин: turganovai
Дата и время: 2021-11-26 15:22:06.228517
Вызвана функция: index
-------------------------------------------
Логин: turganovai
Дата и время: 2021-11-26 15:22:12.076457
Вызвана функция: render_dashapp8_empty_transportations
-------------------------------------------
Логин: неавторизованный пользователь
Дата и время: 2021-11-26 15:23:45.823348
Вызвана функция: signin
-------------------------------------------
Логин: неавторизованный пользователь
Дата и время: 2021-11-26 15:24:19.184599
Вызвана функция: signin
-------------------------------------------
Логин: неавторизованный пользователь
Дата и время: 2021-11-26 15:26:13.438826
Вызвана функция: signin
-------------------------------------------
Логин: неавторизованный пользователь
Дата и время: 2021-11-26 15:26:55.328441
Вызвана функция: signin
-------------------------------------------
Логин: неавторизованный пользователь
Дата и время: 2021-11-26 15:27:35.764696
Вызвана функция: signin
-------------------------------------------
Логин: неавторизованный пользователь
Дата и время: 2021-11-26 15:29:05.765559
Вызвана функция: signin
-------------------------------------------
Логин: неавторизованный пользователь
Дата и время: 2021-11-26 15:29:07.365413
Вызвана функция: signin
-------------------------------------------
Логин: ZhadanovaIY
Дата и время: 2021-11-26 15:29:07.949419
Вызвана функция: render_dashapp8_empty_transportations
-------------------------------------------
Логин: неавторизованный пользователь
Дата и время: 2021-11-26 15:30:25.941919
Вызвана функция: signin
-------------------------------------------
Логин: неавторизованный пользователь
Дата и время: 2021-11-26 15:30:42.409405
Вызвана функция: signin
-------------------------------------------
Логин: ZhadanovaIY
Дата и время: 2021-11-26 15:30:43.303262
Вызвана функция: render_dashapp8_empty_transportations
-------------------------------------------
Логин: неавторизованный пользователь
Дата и время: 2021-11-26 15:38:16.433228
Вызвана функция: signin
-------------------------------------------
Логин: неавторизованный пользователь
Дата и время: 2021-11-26 15:38:54.468079
Вызвана функция: signin
-------------------------------------------
Логин: AgafoncevaOI
Дата и время: 2021-11-26 15:38:55.057369
Вызвана функция: render_dashapp8_empty_transportations
-------------------------------------------
Логин: AgafoncevaOI
Дата и время: 2021-11-26 15:39:07.670797
Вызвана функция: render_resellers
-------------------------------------------
Логин: AgafoncevaOI
Дата и время: 2021-11-26 15:39:08.566916
Вызвана функция: serverside_table
-------------------------------------------
Логин: неавторизованный пользователь
Дата и время: 2021-11-26 15:40:07.926611
Вызвана функция: signin
-------------------------------------------
Логин: неавторизованный пользователь
Дата и время: 2021-11-26 15:40:14.876276
Вызвана функция: signin
-------------------------------------------
Логин: turganovai
Дата и время: 2021-11-26 15:40:15.802074
Вызвана функция: render_dashapp8_empty_transportations
-------------------------------------------
Логин: неавторизованный пользователь
Дата и время: 2021-11-26 15:40:24.473898
Вызвана функция: signin
-------------------------------------------
Логин: неавторизованный пользователь
Дата и время: 2021-11-26 15:40:42.854012
Вызвана функция: signin
-------------------------------------------
Логин: AgafoncevaOI
Дата и время: 2021-11-26 15:40:43.475856
Вызвана функция: render_dashapp8_empty_transportations
-------------------------------------------
Логин: AgafoncevaOI
Дата и время: 2021-11-26 15:41:10.862140
Вызвана функция: render_repair2
-------------------------------------------
Логин: AgafoncevaOI
Дата и время: 2021-11-26 15:41:11.496021
Вызвана функция: serverside_table
-------------------------------------------
Логин: неавторизованный пользователь
Дата и время: 2021-11-26 15:42:16.955229
Вызвана функция: signin
-------------------------------------------
Логин: неавторизованный пользователь
Дата и время: 2021-11-26 15:42:21.225428
Вызвана функция: signin
-------------------------------------------
Логин: turganovai
Дата и время: 2021-11-26 15:42:22.045272
Вызвана функция: render_dashapp8_empty_transportations
-------------------------------------------
Логин: неавторизованный пользователь
Дата и время: 2021-11-26 15:43:36.772447
Вызвана функция: signin
-------------------------------------------
Логин: неавторизованный пользователь
Дата и время: 2021-11-26 15:43:49.844492
Вызвана функция: signin
-------------------------------------------
Логин: AgafoncevaOI
Дата и время: 2021-11-26 15:43:50.536623
Вызвана функция: render_repair1
-------------------------------------------
Логин: AgafoncevaOI
Дата и время: 2021-11-26 15:43:51.220330
Вызвана функция: serverside_table
-------------------------------------------
Логин: AgafoncevaOI
Дата и время: 2021-11-26 15:45:00.959779
Вызвана функция: reports
-------------------------------------------
Логин: AgafoncevaOI
Дата и время: 2021-11-26 15:46:06.271088
Вызвана функция: render_glossary
-------------------------------------------
Логин: AgafoncevaOI
Дата и время: 2021-11-26 15:53:54.812763
Вызвана функция: serverside_table
-------------------------------------------
Логин: неавторизованный пользователь
Дата и время: 2021-11-26 16:08:24.852567
Вызвана функция: signin
-------------------------------------------
Логин: неавторизованный пользователь
Дата и время: 2021-11-26 16:08:46.904535
Вызвана функция: signin
-------------------------------------------
Логин: неавторизованный пользователь
Дата и время: 2021-11-26 16:08:46.961353
Вызвана функция: signin
-------------------------------------------
Логин: неавторизованный пользователь
Дата и время: 2021-11-26 16:08:59.479611
Вызвана функция: signin
-------------------------------------------
Логин: ZhadanovaIY
Дата и время: 2021-11-26 16:09:00.083420
Вызвана функция: index
-------------------------------------------
Логин: ZhadanovaIY
Дата и время: 2021-11-26 16:11:00.045600
Вызвана функция: reports
-------------------------------------------
Логин: ZhadanovaIY
Дата и время: 2021-11-26 16:11:58.099273
Вызвана функция: index
-------------------------------------------
Логин: неавторизованный пользователь
Дата и время: 2021-11-26 16:12:20.026792
Вызвана функция: redirect_login
-------------------------------------------
Логин: неавторизованный пользователь
Дата и время: 2021-11-26 16:12:20.045145
Вызвана функция: signin
-------------------------------------------
Логин: неавторизованный пользователь
Дата и время: 2021-11-26 16:12:28.050429
Вызвана функция: signin
-------------------------------------------
Логин: ZhadanovaIY
Дата и время: 2021-11-26 16:12:33.782031
Вызвана функция: index
-------------------------------------------
Логин: неавторизованный пользователь
Дата и время: 2021-11-26 16:13:41.467195
Вызвана функция: signin
-------------------------------------------
Логин: неавторизованный пользователь
Дата и время: 2021-11-26 16:14:01.294693
Вызвана функция: signin
-------------------------------------------
Логин: AgafoncevaOI
Дата и время: 2021-11-26 16:14:04.296933
Вызвана функция: render_dashapp8_empty_transportations
-------------------------------------------
Логин: ZhadanovaIY
Дата и время: 2021-11-26 16:15:34.158084
Вызвана функция: reports
-------------------------------------------
Логин: ZhadanovaIY
Дата и время: 2021-11-26 16:15:36.956917
Вызвана функция: render_glossary
-------------------------------------------
Логин: ZhadanovaIY
Дата и время: 2021-11-26 16:15:40.520586
Вызвана функция: index
-------------------------------------------
Логин: AgafoncevaOI
Дата и время: 2021-11-26 16:15:49.773901
Вызвана функция: index
-------------------------------------------
Логин: AgafoncevaOI
Дата и время: 2021-11-26 16:18:04.795351
Вызвана функция: profile
-------------------------------------------
Логин: turganovai
Дата и время: 2021-11-26 16:18:24.383062
Вызвана функция: redirect_login
-------------------------------------------
Логин: turganovai
Дата и время: 2021-11-26 16:18:24.435596
Вызвана функция: signin
-------------------------------------------
Логин: turganovai
Дата и время: 2021-11-26 16:18:24.533047
Вызвана функция: index
-------------------------------------------
Логин: неавторизованный пользователь
Дата и время: 2021-11-29 06:37:37.550045
Вызвана функция: redirect_login
-------------------------------------------
Логин: неавторизованный пользователь
Дата и время: 2021-11-29 06:37:37.579983
Вызвана функция: signin
-------------------------------------------
Логин: неавторизованный пользователь
Дата и время: 2021-11-29 06:37:39.288018
Вызвана функция: signin
-------------------------------------------
Логин: неавторизованный пользователь
Дата и время: 2021-11-29 06:37:39.652141
Вызвана функция: signin
-------------------------------------------
Логин: неавторизованный пользователь
Дата и время: 2021-11-29 06:37:45.553478
Вызвана функция: signin
-------------------------------------------
Логин: turganovai
Дата и время: 2021-11-29 06:37:46.518879
Вызвана функция: index
-------------------------------------------
Логин: turganovai
Дата и время: 2021-11-29 06:37:53.195274
Вызвана функция: render_dashapp8_empty_transportations
-------------------------------------------
Логин: неавторизованный пользователь
Дата и время: 2021-11-29 06:41:20.360167
Вызвана функция: signin
-------------------------------------------
Логин: неавторизованный пользователь
Дата и время: 2021-11-29 06:42:04.297227
Вызвана функция: signin
-------------------------------------------
Логин: неавторизованный пользователь
Дата и время: 2021-11-29 06:42:04.382776
Вызвана функция: signin
-------------------------------------------
Логин: неавторизованный пользователь
Дата и время: 2021-11-29 06:42:08.241365
Вызвана функция: signin
-------------------------------------------
Логин: turganovai
Дата и время: 2021-11-29 06:42:09.146448
Вызвана функция: index
-------------------------------------------
Логин: turganovai
Дата и время: 2021-11-29 06:42:16.263715
Вызвана функция: render_dashapp8_empty_transportations
-------------------------------------------
Логин: неавторизованный пользователь
Дата и время: 2021-11-29 06:45:05.196380
Вызвана функция: redirect_login
-------------------------------------------
Логин: неавторизованный пользователь
Дата и время: 2021-11-29 06:45:05.227992
Вызвана функция: signin
-------------------------------------------
Логин: неавторизованный пользователь
Дата и время: 2021-11-29 06:45:49.305086
Вызвана функция: signin
-------------------------------------------
Логин: turganovai
Дата и время: 2021-11-29 06:45:50.269480
Вызвана функция: index
-------------------------------------------
Логин: turganovai
Дата и время: 2021-11-29 06:45:54.084316
Вызвана функция: render_dashapp8_empty_transportations
-------------------------------------------
Логин: неавторизованный пользователь
Дата и время: 2021-11-29 06:47:05.091448
Вызвана функция: signin
-------------------------------------------
Логин: неавторизованный пользователь
Дата и время: 2021-11-29 06:47:07.561191
Вызвана функция: signin
-------------------------------------------
Логин: turganovai
Дата и время: 2021-11-29 06:47:08.544685
Вызвана функция: render_dashapp8_empty_transportations
-------------------------------------------
Логин: turganovai
Дата и время: 2021-11-29 06:47:11.242736
Вызвана функция: render_dashapp8_empty_transportations
-------------------------------------------
Логин: неавторизованный пользователь
Дата и время: 2021-11-29 16:33:36.668740
Вызвана функция: redirect_login
-------------------------------------------
Логин: неавторизованный пользователь
Дата и время: 2021-11-29 16:33:36.696976
Вызвана функция: signin
-------------------------------------------
Логин: неавторизованный пользователь
Дата и время: 2021-11-29 16:33:38.103925
Вызвана функция: signin
-------------------------------------------
Логин: turganovai
Дата и время: 2021-11-29 16:33:39.000218
Вызвана функция: index
-------------------------------------------
Логин: turganovai
Дата и время: 2021-11-29 16:33:44.156331
Вызвана функция: render_dashapp8_empty_transportations
-------------------------------------------
Логин: неавторизованный пользователь
Дата и время: 2021-11-29 16:34:53.843222
Вызвана функция: redirect_login
-------------------------------------------
Логин: неавторизованный пользователь
Дата и время: 2021-11-29 16:34:54.199722
Вызвана функция: signin
-------------------------------------------
Логин: неавторизованный пользователь
Дата и время: 2021-11-29 16:34:57.996376
Вызвана функция: signin
-------------------------------------------
Логин: turganovai
Дата и время: 2021-11-29 16:34:59.028061
Вызвана функция: index
-------------------------------------------
Логин: turganovai
Дата и время: 2021-11-29 16:35:03.303233
Вызвана функция: render_dashapp8_empty_transportations
-------------------------------------------
Логин: неавторизованный пользователь
Дата и время: 2021-11-29 16:37:00.816901
Вызвана функция: redirect_login
-------------------------------------------
Логин: неавторизованный пользователь
Дата и время: 2021-11-29 16:37:00.853975
Вызвана функция: signin
-------------------------------------------
Логин: неавторизованный пользователь
Дата и время: 2021-11-29 16:37:02.581650
Вызвана функция: signin
-------------------------------------------
Логин: turganovai
Дата и время: 2021-11-29 16:37:03.431100
Вызвана функция: index
-------------------------------------------
Логин: turganovai
Дата и время: 2021-11-29 16:37:07.773608
Вызвана функция: render_dashapp8_empty_transportations
-------------------------------------------
Логин: неавторизованный пользователь
Дата и время: 2021-11-29 16:39:14.304975
Вызвана функция: redirect_login
-------------------------------------------
Логин: неавторизованный пользователь
Дата и время: 2021-11-29 16:39:14.333795
Вызвана функция: signin
-------------------------------------------
Логин: неавторизованный пользователь
Дата и время: 2021-11-29 16:39:16.643217
Вызвана функция: signin
-------------------------------------------
Логин: turganovai
Дата и время: 2021-11-29 16:39:17.609643
Вызвана функция: index
-------------------------------------------
Логин: turganovai
Дата и время: 2021-11-29 16:39:20.887136
Вызвана функция: render_dashapp8_empty_transportations
-------------------------------------------
Логин: неавторизованный пользователь
Дата и время: 2021-11-29 16:42:09.561115
Вызвана функция: redirect_login
-------------------------------------------
Логин: неавторизованный пользователь
Дата и время: 2021-11-29 16:42:09.588410
Вызвана функция: signin
-------------------------------------------
Логин: неавторизованный пользователь
Дата и время: 2021-11-29 16:42:11.304743
Вызвана функция: signin
-------------------------------------------
Логин: turganovai
Дата и время: 2021-11-29 16:42:12.418064
Вызвана функция: index
-------------------------------------------
Логин: turganovai
Дата и время: 2021-11-29 16:42:16.561582
Вызвана функция: render_dashapp8_empty_transportations
-------------------------------------------
Логин: неавторизованный пользователь
Дата и время: 2021-11-29 17:33:27.887112
Вызвана функция: redirect_login
-------------------------------------------
Логин: неавторизованный пользователь
Дата и время: 2021-11-29 17:33:27.913755
Вызвана функция: signin
-------------------------------------------
Логин: неавторизованный пользователь
Дата и время: 2021-11-29 17:33:30.416451
Вызвана функция: signin
-------------------------------------------
Логин: turganovai
Дата и время: 2021-11-29 17:33:31.270258
Вызвана функция: index
-------------------------------------------
Логин: turganovai
Дата и время: 2021-11-29 17:33:35.668431
Вызвана функция: render_dashapp8_empty_transportations
-------------------------------------------
Логин: неавторизованный пользователь
Дата и время: 2021-11-29 17:36:09.780036
Вызвана функция: redirect_login
-------------------------------------------
Логин: неавторизованный пользователь
Дата и время: 2021-11-29 17:36:09.811172
Вызвана функция: signin
-------------------------------------------
Логин: неавторизованный пользователь
Дата и время: 2021-11-29 17:36:15.037808
Вызвана функция: signin
-------------------------------------------
Логин: turganovai
Дата и время: 2021-11-29 17:36:16.090507
Вызвана функция: index
-------------------------------------------
Логин: turganovai
Дата и время: 2021-11-29 17:36:20.829166
Вызвана функция: render_dashapp8_empty_transportations
-------------------------------------------
Логин: неавторизованный пользователь
Дата и время: 2021-11-29 17:39:44.620036
Вызвана функция: redirect_login
-------------------------------------------
Логин: неавторизованный пользователь
Дата и время: 2021-11-29 17:39:44.657263
Вызвана функция: signin
-------------------------------------------
Логин: неавторизованный пользователь
Дата и время: 2021-11-29 17:39:46.319668
Вызвана функция: signin
-------------------------------------------
Логин: неавторизованный пользователь
Дата и время: 2021-11-29 17:39:50.644616
Вызвана функция: signin
-------------------------------------------
Логин: turganovai
Дата и время: 2021-11-29 17:39:56.564362
Вызвана функция: index
-------------------------------------------
Логин: turganovai
Дата и время: 2021-11-29 17:39:59.981962
Вызвана функция: render_dashapp8_empty_transportations
-------------------------------------------
Логин: неавторизованный пользователь
Дата и время: 2021-11-29 18:05:26.903919
Вызвана функция: redirect_login
-------------------------------------------
Логин: неавторизованный пользователь
Дата и время: 2021-11-29 18:05:26.958773
Вызвана функция: signin
-------------------------------------------
Логин: неавторизованный пользователь
Дата и время: 2021-11-29 18:05:28.772349
Вызвана функция: signin
-------------------------------------------
Логин: turganovai
Дата и время: 2021-11-29 18:05:29.687350
Вызвана функция: index
-------------------------------------------
Логин: turganovai
Дата и время: 2021-11-29 18:05:37.913168
Вызвана функция: render_dashapp8_empty_transportations
-------------------------------------------
Логин: неавторизованный пользователь
Дата и время: 2021-11-29 18:06:43.889143
Вызвана функция: redirect_login
-------------------------------------------
Логин: неавторизованный пользователь
Дата и время: 2021-11-29 18:06:43.915170
Вызвана функция: signin
-------------------------------------------
Логин: неавторизованный пользователь
Дата и время: 2021-11-29 18:06:45.513267
Вызвана функция: signin
-------------------------------------------
Логин: turganovai
Дата и время: 2021-11-29 18:06:46.424878
Вызвана функция: index
-------------------------------------------
Логин: turganovai
Дата и время: 2021-11-29 18:06:51.089736
Вызвана функция: render_dashapp8_empty_transportations
-------------------------------------------
Логин: неавторизованный пользователь
Дата и время: 2021-11-29 18:07:24.203901
Вызвана функция: redirect_login
-------------------------------------------
Логин: неавторизованный пользователь
Дата и время: 2021-11-29 18:07:24.232363
Вызвана функция: signin
-------------------------------------------
Логин: неавторизованный пользователь
Дата и время: 2021-11-29 18:07:26.830482
Вызвана функция: signin
-------------------------------------------
Логин: turganovai
Дата и время: 2021-11-29 18:07:27.680394
Вызвана функция: index
-------------------------------------------
Логин: turganovai
Дата и время: 2021-11-29 18:07:32.138724
Вызвана функция: render_dashapp8_empty_transportations
-------------------------------------------
Логин: неавторизованный пользователь
Дата и время: 2021-11-29 18:08:38.928244
Вызвана функция: redirect_login
-------------------------------------------
Логин: неавторизованный пользователь
Дата и время: 2021-11-29 18:08:38.961823
Вызвана функция: signin
-------------------------------------------
Логин: неавторизованный пользователь
Дата и время: 2021-11-29 20:57:36.830142
Вызвана функция: redirect_login
-------------------------------------------
Логин: неавторизованный пользователь
Дата и время: 2021-11-29 20:57:36.861208
Вызвана функция: signin
-------------------------------------------
Логин: неавторизованный пользователь
Дата и время: 2021-11-29 20:57:38.541534
Вызвана функция: signin
-------------------------------------------
Логин: turganovai
Дата и время: 2021-11-29 20:57:39.397825
Вызвана функция: index
-------------------------------------------
Логин: turganovai
Дата и время: 2021-11-29 20:57:43.506454
Вызвана функция: render_dashapp8_empty_transportations
-------------------------------------------
Логин: неавторизованный пользователь
Дата и время: 2021-11-29 20:59:38.441926
Вызвана функция: redirect_login
-------------------------------------------
Логин: неавторизованный пользователь
Дата и время: 2021-11-29 20:59:38.486815
Вызвана функция: signin
-------------------------------------------
Логин: неавторизованный пользователь
Дата и время: 2021-11-29 20:59:40.098115
Вызвана функция: signin
-------------------------------------------
Логин: turganovai
Дата и время: 2021-11-29 20:59:40.998338
Вызвана функция: index
-------------------------------------------
Логин: turganovai
Дата и время: 2021-11-29 20:59:45.125378
Вызвана функция: render_dashapp8_empty_transportations
-------------------------------------------
Логин: неавторизованный пользователь
Дата и время: 2021-11-29 21:01:30.767122
Вызвана функция: redirect_login
-------------------------------------------
Логин: неавторизованный пользователь
Дата и время: 2021-11-29 21:01:30.792359
Вызвана функция: signin
-------------------------------------------
Логин: неавторизованный пользователь
Дата и время: 2021-11-29 21:01:32.859850
Вызвана функция: signin
-------------------------------------------
Логин: turganovai
Дата и время: 2021-11-29 21:01:33.729413
Вызвана функция: index
-------------------------------------------
Логин: turganovai
Дата и время: 2021-11-29 21:01:39.036213
Вызвана функция: render_dashapp8_empty_transportations
-------------------------------------------
Логин: неавторизованный пользователь
Дата и время: 2021-11-29 21:02:51.589729
Вызвана функция: redirect_login
-------------------------------------------
Логин: неавторизованный пользователь
Дата и время: 2021-11-29 21:02:51.619564
Вызвана функция: signin
-------------------------------------------
Логин: неавторизованный пользователь
Дата и время: 2021-11-29 21:02:53.548555
Вызвана функция: signin
-------------------------------------------
Логин: turganovai
Дата и время: 2021-11-29 21:02:54.474517
Вызвана функция: index
-------------------------------------------
Логин: turganovai
Дата и время: 2021-11-29 21:02:58.247665
Вызвана функция: render_dashapp8_empty_transportations
-------------------------------------------
Логин: неавторизованный пользователь
Дата и время: 2021-11-29 21:07:22.810453
Вызвана функция: redirect_login
-------------------------------------------
Логин: неавторизованный пользователь
Дата и время: 2021-11-29 21:07:22.834375
Вызвана функция: signin
-------------------------------------------
Логин: неавторизованный пользователь
Дата и время: 2021-11-29 21:07:25.087836
Вызвана функция: signin
-------------------------------------------
Логин: turganovai
Дата и время: 2021-11-29 21:07:30.943999
Вызвана функция: index
-------------------------------------------
Логин: turganovai
Дата и время: 2021-11-29 21:07:35.232648
Вызвана функция: render_dashapp8_empty_transportations
-------------------------------------------
Логин: неавторизованный пользователь
Дата и время: 2021-11-29 21:21:34.930754
Вызвана функция: redirect_login
-------------------------------------------
Логин: неавторизованный пользователь
Дата и время: 2021-11-29 21:21:34.950778
Вызвана функция: signin
-------------------------------------------
Логин: неавторизованный пользователь
Дата и время: 2021-11-29 21:21:44.812468
Вызвана функция: signin
-------------------------------------------
Логин: turganovai
Дата и время: 2021-11-29 21:21:45.688116
Вызвана функция: index
-------------------------------------------
Логин: turganovai
Дата и время: 2021-11-29 21:22:21.531768
Вызвана функция: render_dashapp8_empty_transportations
-------------------------------------------
Логин: неавторизованный пользователь
Дата и время: 2021-11-29 21:25:10.976989
Вызвана функция: redirect_login
-------------------------------------------
Логин: неавторизованный пользователь
Дата и время: 2021-11-29 21:25:11.003514
Вызвана функция: signin
-------------------------------------------
Логин: неавторизованный пользователь
Дата и время: 2021-11-29 21:25:12.978273
Вызвана функция: signin
-------------------------------------------
Логин: неавторизованный пользователь
Дата и время: 2021-11-29 21:25:18.064284
Вызвана функция: signin
-------------------------------------------
Логин: turganovai
Дата и время: 2021-11-29 21:25:18.948751
Вызвана функция: index
-------------------------------------------
Логин: turganovai
Дата и время: 2021-11-29 21:25:21.628766
Вызвана функция: render_dashapp8_empty_transportations
-------------------------------------------
Логин: неавторизованный пользователь
Дата и время: 2021-11-29 21:26:06.137633
Вызвана функция: signin
-------------------------------------------
Логин: неавторизованный пользователь
Дата и время: 2021-11-29 21:26:10.390940
Вызвана функция: signin
-------------------------------------------
Логин: turganovai
Дата и время: 2021-11-29 21:26:12.110680
Вызвана функция: render_dashapp8_empty_transportations
-------------------------------------------
Логин: turganovai
Дата и время: 2021-11-29 21:26:14.805845
Вызвана функция: render_dashapp8_empty_transportations
-------------------------------------------
Логин: неавторизованный пользователь
Дата и время: 2021-11-29 21:29:15.705327
Вызвана функция: signin
-------------------------------------------
Логин: неавторизованный пользователь
Дата и время: 2021-11-29 21:29:18.502588
Вызвана функция: signin
-------------------------------------------
Логин: turganovai
Дата и время: 2021-11-29 21:29:19.373857
Вызвана функция: render_dashapp8_empty_transportations
-------------------------------------------
Логин: turganovai
Дата и время: 2021-11-29 21:31:41.737988
Вызвана функция: render_resellers
-------------------------------------------
Логин: turganovai
Дата и время: 2021-11-29 21:31:42.816585
Вызвана функция: serverside_table
-------------------------------------------
Логин: turganovai
Дата и время: 2021-11-29 21:31:58.146538
Вызвана функция: render_resellers
-------------------------------------------
Логин: turganovai
Дата и время: 2021-11-29 21:31:58.694123
Вызвана функция: serverside_table
-------------------------------------------
Логин: turganovai
Дата и время: 2021-11-29 21:32:06.261014
Вызвана функция: render_limit_oper
-------------------------------------------
Логин: turganovai
Дата и время: 2021-11-29 21:33:17.652358
Вызвана функция: render_limit_oper
-------------------------------------------
Логин: turganovai
Дата и время: 2021-11-29 21:33:34.636409
Вызвана функция: serverside_table
-------------------------------------------
Логин: turganovai
Дата и время: 2021-11-29 21:33:39.548749
Вызвана функция: render_dashapp1
-------------------------------------------
Логин: неавторизованный пользователь
Дата и время: 2021-11-29 21:51:30.203429
Вызвана функция: signin
-------------------------------------------
Логин: неавторизованный пользователь
Дата и время: 2021-11-29 21:51:35.447083
Вызвана функция: signin
-------------------------------------------
Логин: turganovai
Дата и время: 2021-11-29 21:51:36.306278
Вызвана функция: render_dashapp1
-------------------------------------------
Логин: turganovai
Дата и время: 2021-11-29 21:51:54.628255
Вызвана функция: render_dashapp8_empty_transportations
-------------------------------------------
Логин: неавторизованный пользователь
Дата и время: 2021-11-29 22:51:26.295108
Вызвана функция: signin
-------------------------------------------
Логин: неавторизованный пользователь
Дата и время: 2021-11-29 22:51:28.877903
Вызвана функция: signin
-------------------------------------------
Логин: turganovai
Дата и время: 2021-11-29 22:51:29.738138
Вызвана функция: render_dashapp8_empty_transportations
-------------------------------------------
Логин: turganovai
Дата и время: 2021-11-29 22:51:32.344822
Вызвана функция: render_dashapp8_empty_transportations
-------------------------------------------
Логин: неавторизованный пользователь
Дата и время: 2021-11-29 22:52:19.003273
Вызвана функция: signin
-------------------------------------------
Логин: неавторизованный пользователь
Дата и время: 2021-11-29 22:52:21.772448
Вызвана функция: signin
-------------------------------------------
Логин: turganovai
Дата и время: 2021-11-29 22:52:22.634843
Вызвана функция: render_dashapp8_empty_transportations
-------------------------------------------
Логин: неавторизованный пользователь
Дата и время: 2021-11-29 23:33:42.418757
Вызвана функция: signin
-------------------------------------------
Логин: неавторизованный пользователь
Дата и время: 2021-11-29 23:33:44.943739
Вызвана функция: signin
-------------------------------------------
Логин: turganovai
Дата и время: 2021-11-29 23:33:45.819999
Вызвана функция: render_dashapp8_empty_transportations
-------------------------------------------
Логин: неавторизованный пользователь
Дата и время: 2021-11-29 23:37:00.577469
Вызвана функция: signin
-------------------------------------------
Логин: неавторизованный пользователь
Дата и время: 2021-11-29 23:37:03.621167
Вызвана функция: signin
-------------------------------------------
Логин: turganovai
Дата и время: 2021-11-29 23:37:04.626170
Вызвана функция: render_dashapp8_empty_transportations
-------------------------------------------
Логин: неавторизованный пользователь
Дата и время: 2021-11-30 11:25:49.810793
Вызвана функция: signin
-------------------------------------------
Логин: неавторизованный пользователь
Дата и время: 2021-11-30 11:25:51.759146
Вызвана функция: signin
-------------------------------------------
Логин: turganovai
Дата и время: 2021-11-30 11:25:52.701529
Вызвана функция: render_dashapp8_empty_transportations
-------------------------------------------
Логин: turganovai
Дата и время: 2021-11-30 11:25:55.610628
Вызвана функция: render_dashapp8_empty_transportations
-------------------------------------------
Логин: turganovai
Дата и время: 2021-11-30 11:27:02.741726
Вызвана функция: render_dashapp1
-------------------------------------------
Логин: turganovai
Дата и время: 2021-11-30 11:28:30.533469
Вызвана функция: render_dashapp8_empty_transportations
-------------------------------------------
Логин: неавторизованный пользователь
Дата и время: 2021-11-30 12:12:21.485256
Вызвана функция: redirect_login
-------------------------------------------
Логин: неавторизованный пользователь
Дата и время: 2021-11-30 12:12:21.514519
Вызвана функция: signin
-------------------------------------------
Логин: неавторизованный пользователь
Дата и время: 2021-11-30 12:12:28.088479
Вызвана функция: signin
-------------------------------------------
Логин: turganovai
Дата и время: 2021-11-30 12:12:28.601758
Вызвана функция: index
-------------------------------------------
Логин: turganovai
Дата и время: 2021-11-30 12:12:31.431100
Вызвана функция: render_dashapp8_empty_transportations
-------------------------------------------
Логин: неавторизованный пользователь
Дата и время: 2021-11-30 12:16:56.949706
Вызвана функция: redirect_login
-------------------------------------------
Логин: неавторизованный пользователь
Дата и время: 2021-11-30 12:16:56.982698
Вызвана функция: signin
-------------------------------------------
Логин: неавторизованный пользователь
Дата и время: 2021-11-30 12:17:02.368619
Вызвана функция: signin
-------------------------------------------
Логин: turganovai
Дата и время: 2021-11-30 12:17:03.310791
Вызвана функция: index
-------------------------------------------
Логин: turganovai
Дата и время: 2021-11-30 12:17:07.376356
Вызвана функция: render_dashapp8_empty_transportations
-------------------------------------------
Логин: неавторизованный пользователь
Дата и время: 2021-11-30 12:24:11.818458
Вызвана функция: redirect_login
-------------------------------------------
Логин: неавторизованный пользователь
Дата и время: 2021-11-30 12:24:11.850198
Вызвана функция: signin
-------------------------------------------
Логин: неавторизованный пользователь
Дата и время: 2021-11-30 12:24:17.514070
Вызвана функция: signin
-------------------------------------------
Логин: turganovai
Дата и время: 2021-11-30 12:24:18.381734
Вызвана функция: index
-------------------------------------------
Логин: turganovai
Дата и время: 2021-11-30 12:24:20.620483
Вызвана функция: render_dashapp8_empty_transportations
-------------------------------------------
Логин: неавторизованный пользователь
Дата и время: 2021-11-30 12:25:23.208527
Вызвана функция: signin
-------------------------------------------
Логин: неавторизованный пользователь
Дата и время: 2021-11-30 12:25:29.007911
Вызвана функция: signin
-------------------------------------------
Логин: turganovai
Дата и время: 2021-11-30 12:25:30.147035
Вызвана функция: render_dashapp8_empty_transportations
-------------------------------------------
Логин: turganovai
Дата и время: 2021-11-30 12:25:32.685014
Вызвана функция: render_dashapp8_empty_transportations
-------------------------------------------
Логин: неавторизованный пользователь
Дата и время: 2021-11-30 12:50:19.665896
Вызвана функция: signin
-------------------------------------------
Логин: неавторизованный пользователь
Дата и время: 2021-11-30 12:50:23.855053
Вызвана функция: signin
-------------------------------------------
Логин: неавторизованный пользователь
Дата и время: 2021-11-30 12:50:25.643185
Вызвана функция: signin
-------------------------------------------
Логин: неавторизованный пользователь
Дата и время: 2021-11-30 12:50:25.781767
Вызвана функция: signin
-------------------------------------------
Логин: неавторизованный пользователь
Дата и время: 2021-11-30 12:50:31.496992
Вызвана функция: signin
-------------------------------------------
Логин: turganovai
Дата и время: 2021-11-30 12:50:32.367219
Вызвана функция: index
-------------------------------------------
Логин: turganovai
Дата и время: 2021-11-30 12:50:35.648798
Вызвана функция: render_dashapp8_empty_transportations
-------------------------------------------
Логин: неавторизованный пользователь
Дата и время: 2021-11-30 13:57:37.014005
Вызвана функция: redirect_login
-------------------------------------------
Логин: неавторизованный пользователь
Дата и время: 2021-11-30 13:57:37.042800
Вызвана функция: signin
-------------------------------------------
Логин: неавторизованный пользователь
Дата и время: 2021-11-30 13:57:43.972398
Вызвана функция: signin
-------------------------------------------
Логин: неавторизованный пользователь
Дата и время: 2021-11-30 13:57:44.042598
Вызвана функция: signin
-------------------------------------------
Логин: неавторизованный пользователь
Дата и время: 2021-11-30 13:57:53.783475
Вызвана функция: signin
-------------------------------------------
Логин: turganovai
Дата и время: 2021-11-30 13:57:54.659468
Вызвана функция: index
-------------------------------------------
Логин: неавторизованный пользователь
Дата и время: 2021-11-30 13:58:49.776636
Вызвана функция: redirect_login
-------------------------------------------
Логин: неавторизованный пользователь
Дата и время: 2021-11-30 13:58:49.841988
Вызвана функция: signin
-------------------------------------------
Логин: неавторизованный пользователь
Дата и время: 2021-11-30 13:58:58.524872
Вызвана функция: signin
-------------------------------------------
Логин: turganovai
Дата и время: 2021-11-30 13:58:59.417397
Вызвана функция: index
-------------------------------------------
Логин: turganovai
Дата и время: 2021-11-30 13:59:03.727183
Вызвана функция: render_dashapp8_empty_transportations
-------------------------------------------
Логин: неавторизованный пользователь
Дата и время: 2021-11-30 14:00:46.462883
Вызвана функция: signin
-------------------------------------------
Логин: неавторизованный пользователь
Дата и время: 2021-11-30 14:00:52.172892
Вызвана функция: signin
-------------------------------------------
Логин: turganovai
Дата и время: 2021-11-30 14:00:53.049164
Вызвана функция: render_dashapp8_empty_transportations
-------------------------------------------
Логин: turganovai
Дата и время: 2021-11-30 14:01:01.171551
Вызвана функция: render_dashapp8_empty_transportations
-------------------------------------------
Логин: неавторизованный пользователь
Дата и время: 2021-11-30 14:04:08.845436
Вызвана функция: redirect_login
-------------------------------------------
Логин: неавторизованный пользователь
Дата и время: 2021-11-30 14:04:09.000305
Вызвана функция: signin
-------------------------------------------
Логин: неавторизованный пользователь
Дата и время: 2021-11-30 14:04:14.512473
Вызвана функция: signin
-------------------------------------------
Логин: turganovai
Дата и время: 2021-11-30 14:04:15.448874
Вызвана функция: index
-------------------------------------------
Логин: turganovai
Дата и время: 2021-11-30 14:04:41.862223
Вызвана функция: render_dashapp8_empty_transportations
-------------------------------------------
Логин: неавторизованный пользователь
Дата и время: 2021-11-30 14:08:54.637581
Вызвана функция: signin
-------------------------------------------
Логин: неавторизованный пользователь
Дата и время: 2021-11-30 14:09:06.518808
Вызвана функция: signin
-------------------------------------------
Логин: turganovai
Дата и время: 2021-11-30 14:09:07.396116
Вызвана функция: render_dashapp8_empty_transportations
-------------------------------------------
Логин: неавторизованный пользователь
Дата и время: 2021-11-30 14:31:00.090126
Вызвана функция: redirect_login
-------------------------------------------
Логин: неавторизованный пользователь
Дата и время: 2021-11-30 14:31:00.123619
Вызвана функция: signin
-------------------------------------------
Логин: неавторизованный пользователь
Дата и время: 2021-11-30 14:31:10.757585
Вызвана функция: signin
-------------------------------------------
Логин: turganovai
Дата и время: 2021-11-30 14:31:11.633051
Вызвана функция: index
-------------------------------------------
Логин: turganovai
Дата и время: 2021-11-30 14:31:16.920911
Вызвана функция: render_dashapp8_empty_transportations
-------------------------------------------
Логин: неавторизованный пользователь
Дата и время: 2021-11-30 14:31:58.683181
Вызвана функция: signin
-------------------------------------------
Логин: неавторизованный пользователь
Дата и время: 2021-11-30 14:32:05.745231
Вызвана функция: signin
-------------------------------------------
Логин: turganovai
Дата и время: 2021-11-30 14:32:06.632777
Вызвана функция: render_dashapp8_empty_transportations
-------------------------------------------
Логин: turganovai
Дата и время: 2021-11-30 14:32:10.853544
Вызвана функция: render_dashapp8_empty_transportations
-------------------------------------------
Логин: неавторизованный пользователь
Дата и время: 2021-11-30 14:35:38.904310
Вызвана функция: redirect_login
-------------------------------------------
Логин: неавторизованный пользователь
Дата и время: 2021-11-30 14:35:38.943598
Вызвана функция: signin
-------------------------------------------
Логин: неавторизованный пользователь
Дата и время: 2021-11-30 14:35:44.278138
Вызвана функция: signin
-------------------------------------------
Логин: неавторизованный пользователь
Дата и время: 2021-11-30 14:35:44.548241
Вызвана функция: signin
-------------------------------------------
Логин: неавторизованный пользователь
Дата и время: 2021-11-30 14:35:54.509011
Вызвана функция: signin
-------------------------------------------
Логин: turganovai
Дата и время: 2021-11-30 14:35:55.021374
Вызвана функция: index
-------------------------------------------
Логин: turganovai
Дата и время: 2021-11-30 14:35:57.984224
Вызвана функция: render_dashapp8_empty_transportations
-------------------------------------------
Логин: неавторизованный пользователь
Дата и время: 2021-11-30 16:16:30.558160
Вызвана функция: signin
-------------------------------------------
Логин: неавторизованный пользователь
Дата и время: 2021-11-30 16:16:38.800062
Вызвана функция: signin
-------------------------------------------
Логин: turganovai
Дата и время: 2021-11-30 16:16:39.319612
Вызвана функция: render_limit_oper
-------------------------------------------
Логин: turganovai
Дата и время: 2021-11-30 16:16:42.262877
Вызвана функция: render_limit_oper
-------------------------------------------
Логин: неавторизованный пользователь
Дата и время: 2021-11-30 16:43:52.928299
Вызвана функция: redirect_login
-------------------------------------------
Логин: неавторизованный пользователь
Дата и время: 2021-11-30 16:43:52.951741
Вызвана функция: signin
-------------------------------------------
Логин: неавторизованный пользователь
Дата и время: 2021-11-30 16:43:55.927524
Вызвана функция: signin
-------------------------------------------
Логин: неавторизованный пользователь
Дата и время: 2021-11-30 16:43:59.445514
Вызвана функция: signin
-------------------------------------------
Логин: turganovai
Дата и время: 2021-11-30 16:44:00.362021
Вызвана функция: index
-------------------------------------------
Логин: turganovai
Дата и время: 2021-11-30 16:44:03.817695
Вызвана функция: render_dashapp8_empty_transportations
-------------------------------------------
Логин: неавторизованный пользователь
Дата и время: 2021-11-30 16:45:29.806780
Вызвана функция: signin
-------------------------------------------
Логин: неавторизованный пользователь
Дата и время: 2021-11-30 16:45:32.038143
Вызвана функция: signin
-------------------------------------------
Логин: turganovai
Дата и время: 2021-11-30 16:45:33.205090
Вызвана функция: render_dashapp8_empty_transportations
-------------------------------------------
Логин: неавторизованный пользователь
Дата и время: 2021-11-30 16:46:26.639248
Вызвана функция: signin
-------------------------------------------
Логин: неавторизованный пользователь
Дата и время: 2021-11-30 16:46:33.666374
Вызвана функция: signin
-------------------------------------------
Логин: turganovai
Дата и время: 2021-11-30 16:46:34.878828
Вызвана функция: render_dashapp8_empty_transportations
-------------------------------------------
Логин: неавторизованный пользователь
Дата и время: 2021-11-30 16:57:12.298311
Вызвана функция: signin
-------------------------------------------
Логин: неавторизованный пользователь
Дата и время: 2021-11-30 16:57:26.516915
Вызвана функция: signin
-------------------------------------------
Логин: turganovai
Дата и время: 2021-11-30 16:57:27.577675
Вызвана функция: render_dashapp8_empty_transportations
-------------------------------------------
Логин: неавторизованный пользователь
Дата и время: 2021-11-30 16:58:40.695353
Вызвана функция: signin
-------------------------------------------
Логин: неавторизованный пользователь
Дата и время: 2021-11-30 16:58:44.595098
Вызвана функция: signin
-------------------------------------------
Логин: turganovai
Дата и время: 2021-11-30 16:58:45.825090
Вызвана функция: render_dashapp8_empty_transportations
-------------------------------------------
Логин: неавторизованный пользователь
Дата и время: 2021-11-30 16:59:27.733065
Вызвана функция: signin
-------------------------------------------
Логин: неавторизованный пользователь
Дата и время: 2021-11-30 16:59:30.743182
Вызвана функция: signin
-------------------------------------------
Логин: turganovai
Дата и время: 2021-11-30 16:59:31.783230
Вызвана функция: render_dashapp8_empty_transportations
-------------------------------------------
Логин: turganovai
Дата и время: 2021-11-30 17:13:01.059003
Вызвана функция: render_dashapp8_empty_transportations
-------------------------------------------
Логин: неавторизованный пользователь
Дата и время: 2021-11-30 17:15:09.703009
Вызвана функция: signin
-------------------------------------------
Логин: неавторизованный пользователь
Дата и время: 2021-11-30 17:15:12.520450
Вызвана функция: signin
-------------------------------------------
Логин: turganovai
Дата и время: 2021-11-30 17:15:13.420231
Вызвана функция: render_dashapp8_empty_transportations
-------------------------------------------
Логин: неавторизованный пользователь
Дата и время: 2021-11-30 17:18:39.897745
Вызвана функция: signin
-------------------------------------------
Логин: неавторизованный пользователь
Дата и время: 2021-11-30 17:18:42.499814
Вызвана функция: signin
-------------------------------------------
Логин: turganovai
Дата и время: 2021-11-30 17:18:43.412476
Вызвана функция: render_dashapp8_empty_transportations
-------------------------------------------
Логин: неавторизованный пользователь
Дата и время: 2021-11-30 17:51:49.308478
Вызвана функция: signin
-------------------------------------------
Логин: неавторизованный пользователь
Дата и время: 2021-11-30 17:51:51.882131
Вызвана функция: signin
-------------------------------------------
Логин: turganovai
Дата и время: 2021-11-30 17:51:52.755174
Вызвана функция: render_dashapp8_empty_transportations
-------------------------------------------
Логин: неавторизованный пользователь
Дата и время: 2021-11-30 18:06:11.810703
Вызвана функция: signin
-------------------------------------------
Логин: неавторизованный пользователь
Дата и время: 2021-11-30 18:06:17.532928
Вызвана функция: signin
-------------------------------------------
Логин: turganovai
Дата и время: 2021-11-30 18:06:18.425574
Вызвана функция: render_dashapp8_empty_transportations
-------------------------------------------
Логин: неавторизованный пользователь
Дата и время: 2021-11-30 18:07:54.391579
Вызвана функция: signin
-------------------------------------------
Логин: неавторизованный пользователь
Дата и время: 2021-11-30 18:07:58.197728
Вызвана функция: signin
-------------------------------------------
Логин: turganovai
Дата и время: 2021-11-30 18:07:59.176547
Вызвана функция: render_dashapp8_empty_transportations
-------------------------------------------
Логин: неавторизованный пользователь
Дата и время: 2021-11-30 18:08:52.861618
Вызвана функция: signin
-------------------------------------------
Логин: неавторизованный пользователь
Дата и время: 2021-11-30 18:08:55.405456
Вызвана функция: signin
-------------------------------------------
Логин: turganovai
Дата и время: 2021-11-30 18:08:56.295491
Вызвана функция: render_dashapp8_empty_transportations
-------------------------------------------
Логин: неавторизованный пользователь
Дата и время: 2021-11-30 18:12:14.491134
Вызвана функция: signin
-------------------------------------------
Логин: неавторизованный пользователь
Дата и время: 2021-11-30 18:12:17.280235
Вызвана функция: signin
-------------------------------------------
Логин: turganovai
Дата и время: 2021-11-30 18:12:18.211952
Вызвана функция: render_dashapp8_empty_transportations
-------------------------------------------
Логин: неавторизованный пользователь
Дата и время: 2021-11-30 18:21:39.948168
Вызвана функция: signin
-------------------------------------------
Логин: неавторизованный пользователь
Дата и время: 2021-11-30 18:21:42.820740
Вызвана функция: signin
-------------------------------------------
Логин: turganovai
Дата и время: 2021-11-30 18:21:43.779031
Вызвана функция: render_dashapp8_empty_transportations
-------------------------------------------
Логин: неавторизованный пользователь
Дата и время: 2021-11-30 18:38:51.600201
Вызвана функция: signin
-------------------------------------------
Логин: неавторизованный пользователь
Дата и время: 2021-11-30 18:38:54.958188
Вызвана функция: signin
-------------------------------------------
Логин: turganovai
Дата и время: 2021-11-30 18:38:55.971678
Вызвана функция: render_dashapp8_empty_transportations
-------------------------------------------
Логин: turganovai
Дата и время: 2021-11-30 18:43:07.225503
Вызвана функция: render_dashapp8_empty_transportations
-------------------------------------------
Логин: неавторизованный пользователь
Дата и время: 2021-11-30 18:44:20.983645
Вызвана функция: signin
-------------------------------------------
Логин: неавторизованный пользователь
Дата и время: 2021-11-30 18:44:23.247276
Вызвана функция: signin
-------------------------------------------
Логин: turganovai
Дата и время: 2021-11-30 18:44:24.175919
Вызвана функция: render_dashapp8_empty_transportations
-------------------------------------------
Логин: turganovai
Дата и время: 2021-11-30 18:45:28.152460
Вызвана функция: render_dashapp8_empty_transportations
-------------------------------------------
Логин: неавторизованный пользователь
Дата и время: 2021-11-30 18:46:57.483487
Вызвана функция: signin
-------------------------------------------
Логин: неавторизованный пользователь
Дата и время: 2021-11-30 18:47:05.653090
Вызвана функция: signin
-------------------------------------------
Логин: turganovai
Дата и время: 2021-11-30 18:47:06.354005
Вызвана функция: render_dashapp8_empty_transportations
-------------------------------------------
Логин: turganovai
Дата и время: 2021-11-30 18:51:45.968036
Вызвана функция: render_dashapp8_empty_transportations
-------------------------------------------
Логин: turganovai
Дата и время: 2021-11-30 18:51:50.046102
Вызвана функция: render_dashapp8_empty_transportations
-------------------------------------------
Логин: неавторизованный пользователь
Дата и время: 2021-11-30 19:01:06.327291
Вызвана функция: signin
-------------------------------------------
Логин: неавторизованный пользователь
Дата и время: 2021-11-30 19:01:15.633421
Вызвана функция: signin
-------------------------------------------
Логин: krivchenokil
Дата и время: 2021-11-30 19:01:15.972309
Вызвана функция: render_dashapp8_empty_transportations
-------------------------------------------
Логин: krivchenokil
Дата и время: 2021-11-30 19:01:20.380572
Вызвана функция: render_dashapp8_empty_transportations
-------------------------------------------
Логин: krivchenokil
Дата и время: 2021-12-01 09:53:14.319299
Вызвана функция: render_dashapp8_empty_transportations
-------------------------------------------
Логин: krivchenokil
Дата и время: 2021-12-01 09:53:26.686429
Вызвана функция: render_dashapp1
-------------------------------------------
Логин: неавторизованный пользователь
Дата и время: 2021-12-01 10:18:51.917138
Вызвана функция: redirect_login
-------------------------------------------
Логин: неавторизованный пользователь
Дата и время: 2021-12-01 10:18:51.946125
Вызвана функция: signin
-------------------------------------------
Логин: неавторизованный пользователь
Дата и время: 2021-12-01 10:18:57.693190
Вызвана функция: signin
-------------------------------------------
Логин: turganovai
Дата и время: 2021-12-01 10:18:58.166223
Вызвана функция: index
-------------------------------------------
Логин: turganovai
Дата и время: 2021-12-01 10:19:02.459307
Вызвана функция: render_dashapp8_empty_transportations
-------------------------------------------
Логин: turganovai
Дата и время: 2021-12-01 11:06:12.586492
Вызвана функция: render_dashapp8_empty_transportations
-------------------------------------------
Логин: turganovai
Дата и время: 2021-12-01 11:06:41.969268
Вызвана функция: reports
-------------------------------------------
Логин: turganovai
Дата и время: 2021-12-01 11:06:53.343427
Вызвана функция: reports
-------------------------------------------
Логин: turganovai
Дата и время: 2021-12-01 14:05:46.897673
Вызвана функция: redirect_login
-------------------------------------------
Логин: turganovai
Дата и время: 2021-12-01 14:05:47.236832
Вызвана функция: signin
-------------------------------------------
Логин: turganovai
Дата и время: 2021-12-01 14:05:47.277009
Вызвана функция: index
-------------------------------------------
Логин: krivchenokil
Дата и время: 2021-12-01 15:43:37.154432
Вызвана функция: render_dashapp8_empty_transportations
-------------------------------------------
Логин: неавторизованный пользователь
Дата и время: 2021-12-01 15:44:12.142362
Вызвана функция: signin
-------------------------------------------
Логин: неавторизованный пользователь
Дата и время: 2021-12-01 15:44:46.621684
Вызвана функция: signin
-------------------------------------------
Логин: ZhadanovaIY
Дата и время: 2021-12-01 15:44:46.943273
Вызвана функция: render_dashapp8_empty_transportations
-------------------------------------------
Логин: ZhadanovaIY
Дата и время: 2021-12-01 15:45:29.638182
Вызвана функция: render_dashapp8_empty_transportations
-------------------------------------------
Логин: ZhadanovaIY
Дата и время: 2021-12-01 15:53:00.389817
Вызвана функция: render_repair2
-------------------------------------------
Логин: ZhadanovaIY
Дата и время: 2021-12-01 15:53:01.175511
Вызвана функция: serverside_table
-------------------------------------------
Логин: ZhadanovaIY
Дата и время: 2021-12-01 15:53:22.053680
Вызвана функция: render_dashapp8_empty_transportations
-------------------------------------------
Логин: ZhadanovaIY
Дата и время: 2021-12-01 15:53:27.124481
Вызвана функция: render_resellers
-------------------------------------------
Логин: ZhadanovaIY
Дата и время: 2021-12-01 15:53:27.784719
Вызвана функция: serverside_table
-------------------------------------------
Логин: неавторизованный пользователь
Дата и время: 2021-12-02 07:54:55.129071
Вызвана функция: redirect_login
-------------------------------------------
Логин: неавторизованный пользователь
Дата и время: 2021-12-02 07:54:55.155784
Вызвана функция: signin
-------------------------------------------
Логин: неавторизованный пользователь
Дата и время: 2021-12-02 07:54:58.700499
Вызвана функция: signin
-------------------------------------------
Логин: turganovai
Дата и время: 2021-12-02 07:54:59.576517
Вызвана функция: index
-------------------------------------------
Логин: turganovai
Дата и время: 2021-12-02 07:55:03.620529
Вызвана функция: render_dashapp8_empty_transportations
-------------------------------------------
Логин: неавторизованный пользователь
Дата и время: 2021-12-02 08:13:44.053251
Вызвана функция: signin
-------------------------------------------
Логин: неавторизованный пользователь
Дата и время: 2021-12-02 08:13:46.609520
Вызвана функция: signin
-------------------------------------------
Логин: turganovai
Дата и время: 2021-12-02 08:13:47.483653
Вызвана функция: render_dashapp8_empty_transportations
-------------------------------------------
Логин: неавторизованный пользователь
Дата и время: 2021-12-02 08:17:31.218262
Вызвана функция: signin
-------------------------------------------
Логин: неавторизованный пользователь
Дата и время: 2021-12-02 08:17:32.887096
Вызвана функция: signin
-------------------------------------------
Логин: turganovai
Дата и время: 2021-12-02 08:17:33.791636
Вызвана функция: render_dashapp8_empty_transportations
-------------------------------------------
Логин: неавторизованный пользователь
Дата и время: 2021-12-02 08:20:13.974756
Вызвана функция: signin
-------------------------------------------
Логин: неавторизованный пользователь
Дата и время: 2021-12-02 08:20:15.836796
Вызвана функция: signin
-------------------------------------------
Логин: turganovai
Дата и время: 2021-12-02 08:20:16.728326
Вызвана функция: render_dashapp8_empty_transportations
-------------------------------------------
Логин: неавторизованный пользователь
Дата и время: 2021-12-02 08:24:53.428674
Вызвана функция: signin
-------------------------------------------
Логин: неавторизованный пользователь
Дата и время: 2021-12-02 08:24:54.995475
Вызвана функция: signin
-------------------------------------------
Логин: turganovai
Дата и время: 2021-12-02 08:24:55.874233
Вызвана функция: render_dashapp8_empty_transportations
-------------------------------------------
Логин: неавторизованный пользователь
Дата и время: 2021-12-02 08:27:41.786152
Вызвана функция: signin
-------------------------------------------
Логин: неавторизованный пользователь
Дата и время: 2021-12-02 08:27:43.849062
Вызвана функция: signin
-------------------------------------------
Логин: turganovai
Дата и время: 2021-12-02 08:27:44.700967
Вызвана функция: render_dashapp8_empty_transportations
-------------------------------------------
Логин: turganovai
Дата и время: 2021-12-02 08:27:47.541501
Вызвана функция: render_dashapp8_empty_transportations
-------------------------------------------
Логин: turganovai
Дата и время: 2021-12-02 08:40:39.591878
Вызвана функция: render_dashapp8_empty_transportations
-------------------------------------------
Логин: неавторизованный пользователь
Дата и время: 2021-12-02 08:44:46.909158
Вызвана функция: signin
-------------------------------------------
Логин: неавторизованный пользователь
Дата и время: 2021-12-02 08:44:48.592419
Вызвана функция: signin
-------------------------------------------
Логин: turganovai
Дата и время: 2021-12-02 08:44:49.439008
Вызвана функция: render_dashapp8_empty_transportations
-------------------------------------------
Логин: turganovai
Дата и время: 2021-12-02 08:50:24.392186
Вызвана функция: render_dashapp8_empty_transportations
-------------------------------------------
Логин: неавторизованный пользователь
Дата и время: 2021-12-02 08:58:44.070827
Вызвана функция: signin
-------------------------------------------
Логин: неавторизованный пользователь
Дата и время: 2021-12-02 08:58:45.810320
Вызвана функция: signin
-------------------------------------------
Логин: turganovai
Дата и время: 2021-12-02 08:58:46.704549
Вызвана функция: render_dashapp8_empty_transportations
-------------------------------------------
Логин: неавторизованный пользователь
Дата и время: 2021-12-02 09:00:08.786614
Вызвана функция: signin
-------------------------------------------
Логин: неавторизованный пользователь
Дата и время: 2021-12-02 09:00:10.881238
Вызвана функция: signin
-------------------------------------------
Логин: turganovai
Дата и время: 2021-12-02 09:00:11.810762
Вызвана функция: render_dashapp8_empty_transportations
-------------------------------------------
Логин: неавторизованный пользователь
Дата и время: 2021-12-02 09:01:18.472986
Вызвана функция: signin
-------------------------------------------
Логин: неавторизованный пользователь
Дата и время: 2021-12-02 09:01:20.055374
Вызвана функция: signin
-------------------------------------------
Логин: turganovai
Дата и время: 2021-12-02 09:01:20.997123
Вызвана функция: render_dashapp8_empty_transportations
-------------------------------------------
Логин: неавторизованный пользователь
Дата и время: 2021-12-02 09:03:19.911933
Вызвана функция: signin
-------------------------------------------
Логин: неавторизованный пользователь
Дата и время: 2021-12-02 09:03:21.456487
Вызвана функция: signin
-------------------------------------------
Логин: turganovai
Дата и время: 2021-12-02 09:03:22.492859
Вызвана функция: render_dashapp8_empty_transportations
-------------------------------------------
Логин: неавторизованный пользователь
Дата и время: 2021-12-02 09:04:33.848290
Вызвана функция: signin
-------------------------------------------
Логин: неавторизованный пользователь
Дата и время: 2021-12-02 09:04:35.424422
Вызвана функция: signin
-------------------------------------------
Логин: turganovai
Дата и время: 2021-12-02 09:04:36.382481
Вызвана функция: render_dashapp8_empty_transportations
-------------------------------------------
Логин: неавторизованный пользователь
Дата и время: 2021-12-02 09:16:39.364324
Вызвана функция: signin
-------------------------------------------
Логин: неавторизованный пользователь
Дата и время: 2021-12-02 09:16:41.195444
Вызвана функция: signin
-------------------------------------------
Логин: turganovai
Дата и время: 2021-12-02 09:16:42.120762
Вызвана функция: render_dashapp8_empty_transportations
-------------------------------------------
Логин: неавторизованный пользователь
Дата и время: 2021-12-02 09:19:39.747919
Вызвана функция: signin
-------------------------------------------
Логин: неавторизованный пользователь
Дата и время: 2021-12-02 09:19:42.587203
Вызвана функция: signin
-------------------------------------------
Логин: turganovai
Дата и время: 2021-12-02 09:19:43.592255
Вызвана функция: render_dashapp8_empty_transportations
-------------------------------------------
Логин: неавторизованный пользователь
Дата и время: 2021-12-02 09:46:07.703157
Вызвана функция: signin
-------------------------------------------
Логин: неавторизованный пользователь
Дата и время: 2021-12-02 09:46:09.032685
Вызвана функция: signin
-------------------------------------------
Логин: turganovai
Дата и время: 2021-12-02 09:46:09.988134
Вызвана функция: render_limit_oper
-------------------------------------------
Логин: turganovai
Дата и время: 2021-12-02 09:46:22.162600
Вызвана функция: render_dashapp1
-------------------------------------------
Логин: turganovai
Дата и время: 2021-12-02 09:47:00.697303
Вызвана функция: render_dashapp8_empty_transportations
-------------------------------------------
Логин: неавторизованный пользователь
Дата и время: 2021-12-02 10:14:22.102012
Вызвана функция: signin
-------------------------------------------
Логин: неавторизованный пользователь
Дата и время: 2021-12-02 10:14:23.732262
Вызвана функция: signin
-------------------------------------------
Логин: turganovai
Дата и время: 2021-12-02 10:14:24.649923
Вызвана функция: render_dashapp8_empty_transportations
-------------------------------------------
Логин: неавторизованный пользователь
Дата и время: 2021-12-02 10:17:23.496270
Вызвана функция: signin
-------------------------------------------
Логин: неавторизованный пользователь
Дата и время: 2021-12-02 10:17:26.796758
Вызвана функция: signin
-------------------------------------------
Логин: turganovai
Дата и время: 2021-12-02 10:17:27.892696
Вызвана функция: render_dashapp8_empty_transportations
-------------------------------------------
Логин: неавторизованный пользователь
Дата и время: 2021-12-02 10:18:56.253493
Вызвана функция: signin
-------------------------------------------
Логин: неавторизованный пользователь
Дата и время: 2021-12-02 10:18:58.548004
Вызвана функция: signin
-------------------------------------------
Логин: turganovai
Дата и время: 2021-12-02 10:18:59.445380
Вызвана функция: render_dashapp8_empty_transportations
-------------------------------------------
Логин: turganovai
Дата и время: 2021-12-02 10:19:15.251793
Вызвана функция: render_dashapp1
-------------------------------------------
Логин: неавторизованный пользователь
Дата и время: 2021-12-02 10:51:48.958760
Вызвана функция: signin
-------------------------------------------
Логин: неавторизованный пользователь
Дата и время: 2021-12-02 10:51:51.074787
Вызвана функция: signin
-------------------------------------------
Логин: turganovai
Дата и время: 2021-12-02 10:51:52.137703
Вызвана функция: render_dashapp8_empty_transportations
-------------------------------------------
Логин: turganovai
Дата и время: 2021-12-02 10:51:54.255257
Вызвана функция: render_dashapp8_empty_transportations
-------------------------------------------
Логин: неавторизованный пользователь
Дата и время: 2021-12-02 11:05:47.433280
Вызвана функция: signin
-------------------------------------------
Логин: неавторизованный пользователь
Дата и время: 2021-12-02 11:05:49.486855
Вызвана функция: signin
-------------------------------------------
Логин: turganovai
Дата и время: 2021-12-02 11:05:50.762285
Вызвана функция: render_dashapp8_empty_transportations
-------------------------------------------
Логин: неавторизованный пользователь
Дата и время: 2021-12-02 11:07:34.820425
Вызвана функция: signin
-------------------------------------------
Логин: неавторизованный пользователь
Дата и время: 2021-12-02 11:07:37.200112
Вызвана функция: signin
-------------------------------------------
Логин: turganovai
Дата и время: 2021-12-02 11:07:38.309839
Вызвана функция: render_dashapp8_empty_transportations
-------------------------------------------
Логин: неавторизованный пользователь
Дата и время: 2021-12-02 11:08:16.231242
Вызвана функция: signin
-------------------------------------------
Логин: неавторизованный пользователь
Дата и время: 2021-12-02 11:08:18.152899
Вызвана функция: signin
-------------------------------------------
Логин: turganovai
Дата и время: 2021-12-02 11:08:19.086110
Вызвана функция: render_dashapp8_empty_transportations
-------------------------------------------
Логин: неавторизованный пользователь
Дата и время: 2021-12-02 11:14:23.861079
Вызвана функция: signin
-------------------------------------------
Логин: неавторизованный пользователь
Дата и время: 2021-12-02 11:14:26.122916
Вызвана функция: signin
-------------------------------------------
Логин: turganovai
Дата и время: 2021-12-02 11:14:27.090142
Вызвана функция: render_dashapp8_empty_transportations
-------------------------------------------
Логин: неавторизованный пользователь
Дата и время: 2021-12-02 11:49:57.311804
Вызвана функция: signin
-------------------------------------------
Логин: неавторизованный пользователь
Дата и время: 2021-12-02 11:49:59.909823
Вызвана функция: signin
-------------------------------------------
Логин: turganovai
Дата и время: 2021-12-02 11:50:00.824991
Вызвана функция: render_dashapp8_empty_transportations
-------------------------------------------
Логин: неавторизованный пользователь
Дата и время: 2021-12-02 11:52:53.083205
Вызвана функция: signin
-------------------------------------------
Логин: неавторизованный пользователь
Дата и время: 2021-12-02 11:52:55.176781
Вызвана функция: signin
-------------------------------------------
Логин: turganovai
Дата и время: 2021-12-02 11:52:56.049653
Вызвана функция: render_dashapp8_empty_transportations
-------------------------------------------
Логин: неавторизованный пользователь
Дата и время: 2021-12-02 11:53:58.237184
Вызвана функция: signin
-------------------------------------------
Логин: неавторизованный пользователь
Дата и время: 2021-12-02 11:54:00.610325
Вызвана функция: signin
-------------------------------------------
Логин: turganovai
Дата и время: 2021-12-02 11:54:01.552826
Вызвана функция: render_dashapp8_empty_transportations
-------------------------------------------
Логин: неавторизованный пользователь
Дата и время: 2021-12-02 13:12:30.360555
Вызвана функция: signin
-------------------------------------------
Логин: неавторизованный пользователь
Дата и время: 2021-12-02 13:12:32.887918
Вызвана функция: signin
-------------------------------------------
Логин: turganovai
Дата и время: 2021-12-02 13:12:33.801755
Вызвана функция: render_dashapp8_empty_transportations
-------------------------------------------
Логин: неавторизованный пользователь
Дата и время: 2021-12-02 13:15:40.417531
Вызвана функция: signin
-------------------------------------------
Логин: неавторизованный пользователь
Дата и время: 2021-12-02 13:15:42.371420
Вызвана функция: signin
-------------------------------------------
Логин: turganovai
Дата и время: 2021-12-02 13:15:43.248825
Вызвана функция: render_dashapp8_empty_transportations
-------------------------------------------
Логин: неавторизованный пользователь
Дата и время: 2021-12-02 13:16:28.409852
Вызвана функция: signin
-------------------------------------------
Логин: неавторизованный пользователь
Дата и время: 2021-12-02 13:16:30.369673
Вызвана функция: signin
-------------------------------------------
Логин: turganovai
Дата и время: 2021-12-02 13:16:31.255973
Вызвана функция: render_dashapp8_empty_transportations
-------------------------------------------
Логин: неавторизованный пользователь
Дата и время: 2021-12-02 13:17:26.335926
Вызвана функция: signin
-------------------------------------------
Логин: неавторизованный пользователь
Дата и время: 2021-12-02 13:17:30.099852
Вызвана функция: signin
-------------------------------------------
Логин: turganovai
Дата и время: 2021-12-02 13:17:30.995451
Вызвана функция: render_dashapp8_empty_transportations
-------------------------------------------
Логин: неавторизованный пользователь
Дата и время: 2021-12-02 13:22:51.168772
Вызвана функция: signin
-------------------------------------------
Логин: неавторизованный пользователь
Дата и время: 2021-12-02 13:22:53.403867
Вызвана функция: signin
-------------------------------------------
Логин: turganovai
Дата и время: 2021-12-02 13:22:54.266024
Вызвана функция: render_dashapp8_empty_transportations
-------------------------------------------
Логин: неавторизованный пользователь
Дата и время: 2021-12-02 13:26:14.239973
Вызвана функция: signin
-------------------------------------------
Логин: неавторизованный пользователь
Дата и время: 2021-12-02 13:26:16.425525
Вызвана функция: signin
-------------------------------------------
Логин: turganovai
Дата и время: 2021-12-02 13:26:17.359004
Вызвана функция: render_dashapp8_empty_transportations
-------------------------------------------
Логин: неавторизованный пользователь
Дата и время: 2021-12-02 13:27:42.579513
Вызвана функция: signin
-------------------------------------------
Логин: неавторизованный пользователь
Дата и время: 2021-12-02 13:27:44.669175
Вызвана функция: signin
-------------------------------------------
Логин: turganovai
Дата и время: 2021-12-02 13:27:45.513190
Вызвана функция: render_dashapp8_empty_transportations
-------------------------------------------
Логин: неавторизованный пользователь
Дата и время: 2021-12-02 13:33:35.407891
Вызвана функция: signin
-------------------------------------------
Логин: неавторизованный пользователь
Дата и время: 2021-12-02 13:33:37.668763
Вызвана функция: signin
-------------------------------------------
Логин: turganovai
Дата и время: 2021-12-02 13:33:38.638618
Вызвана функция: render_dashapp8_empty_transportations
-------------------------------------------
Логин: неавторизованный пользователь
Дата и время: 2021-12-02 13:41:23.430467
Вызвана функция: signin
-------------------------------------------
Логин: неавторизованный пользователь
Дата и время: 2021-12-02 13:41:30.928753
Вызвана функция: signin
-------------------------------------------
Логин: неавторизованный пользователь
Дата и время: 2021-12-02 13:41:30.984145
Вызвана функция: signin
-------------------------------------------
Логин: неавторизованный пользователь
Дата и время: 2021-12-02 13:41:36.834993
Вызвана функция: signin
-------------------------------------------
Логин: turganovai
Дата и время: 2021-12-02 13:41:37.348046
Вызвана функция: index
-------------------------------------------
Логин: turganovai
Дата и время: 2021-12-02 13:41:39.562528
Вызвана функция: render_dashapp8_empty_transportations
-------------------------------------------
Логин: неавторизованный пользователь
Дата и время: 2021-12-02 13:45:50.336269
Вызвана функция: signin
-------------------------------------------
Логин: неавторизованный пользователь
Дата и время: 2021-12-02 13:46:15.431170
Вызвана функция: signin
-------------------------------------------
Логин: ZhadanovaIY
Дата и время: 2021-12-02 13:46:15.739193
Вызвана функция: render_dashapp8_empty_transportations
-------------------------------------------
Логин: неавторизованный пользователь
Дата и время: 2021-12-02 13:54:16.147908
Вызвана функция: signin
-------------------------------------------
Логин: неавторизованный пользователь
Дата и время: 2021-12-02 13:54:26.209332
Вызвана функция: signin
-------------------------------------------
Логин: неавторизованный пользователь
Дата и время: 2021-12-02 13:54:26.252248
Вызвана функция: signin
-------------------------------------------
Логин: неавторизованный пользователь
Дата и время: 2021-12-02 13:54:49.097900
Вызвана функция: signin
-------------------------------------------
Логин: ZhadanovaIY
Дата и время: 2021-12-02 13:54:49.594296
Вызвана функция: index
-------------------------------------------
Логин: ZhadanovaIY
Дата и время: 2021-12-02 13:54:56.860328
Вызвана функция: render_dashapp8_empty_transportations
-------------------------------------------
Логин: неавторизованный пользователь
Дата и время: 2021-12-02 14:24:04.290154
Вызвана функция: signin
-------------------------------------------
Логин: неавторизованный пользователь
Дата и время: 2021-12-02 14:24:06.504121
Вызвана функция: signin
-------------------------------------------
Логин: turganovai
Дата и время: 2021-12-02 14:24:07.403033
Вызвана функция: render_dashapp8_empty_transportations
-------------------------------------------
Логин: неавторизованный пользователь
Дата и время: 2021-12-02 14:24:47.173332
Вызвана функция: signin
-------------------------------------------
Логин: неавторизованный пользователь
Дата и время: 2021-12-02 14:24:49.102166
Вызвана функция: signin
-------------------------------------------
Логин: turganovai
Дата и время: 2021-12-02 14:24:49.981861
Вызвана функция: render_dashapp8_empty_transportations
-------------------------------------------
Логин: неавторизованный пользователь
Дата и время: 2021-12-02 14:27:55.934971
Вызвана функция: signin
-------------------------------------------
Логин: неавторизованный пользователь
Дата и время: 2021-12-02 14:27:57.950633
Вызвана функция: signin
-------------------------------------------
Логин: turganovai
Дата и время: 2021-12-02 14:27:58.819901
Вызвана функция: render_dashapp8_empty_transportations
-------------------------------------------
Логин: неавторизованный пользователь
Дата и время: 2021-12-02 14:28:24.743493
Вызвана функция: signin
-------------------------------------------
Логин: неавторизованный пользователь
Дата и время: 2021-12-02 14:28:28.213749
Вызвана функция: signin
-------------------------------------------
Логин: turganovai
Дата и время: 2021-12-02 14:28:29.106429
Вызвана функция: render_dashapp8_empty_transportations
-------------------------------------------
Логин: неавторизованный пользователь
Дата и время: 2021-12-02 14:31:17.709052
Вызвана функция: signin
-------------------------------------------
Логин: неавторизованный пользователь
Дата и время: 2021-12-02 14:31:19.952780
Вызвана функция: signin
-------------------------------------------
Логин: turganovai
Дата и время: 2021-12-02 14:31:20.819851
Вызвана функция: render_dashapp8_empty_transportations
-------------------------------------------
Логин: неавторизованный пользователь
Дата и время: 2021-12-02 14:41:06.786966
Вызвана функция: redirect_login
-------------------------------------------
Логин: неавторизованный пользователь
Дата и время: 2021-12-02 14:41:06.816575
Вызвана функция: signin
-------------------------------------------
Логин: неавторизованный пользователь
Дата и время: 2021-12-02 14:55:47.642126
Вызвана функция: signin
-------------------------------------------
Логин: неавторизованный пользователь
Дата и время: 2021-12-02 14:55:50.297057
Вызвана функция: signin
-------------------------------------------
Логин: turganovai
Дата и время: 2021-12-02 14:55:51.186415
Вызвана функция: render_dashapp8_empty_transportations
-------------------------------------------
Логин: неавторизованный пользователь
Дата и время: 2021-12-02 15:00:24.545522
Вызвана функция: signin
-------------------------------------------
Логин: неавторизованный пользователь
Дата и время: 2021-12-02 15:04:00.217183
Вызвана функция: signin
-------------------------------------------
Логин: неавторизованный пользователь
Дата и время: 2021-12-02 15:04:02.544709
Вызвана функция: signin
-------------------------------------------
Логин: turganovai
Дата и время: 2021-12-02 15:04:03.560545
Вызвана функция: render_dashapp8_empty_transportations
-------------------------------------------
Логин: неавторизованный пользователь
Дата и время: 2021-12-02 15:09:17.834693
Вызвана функция: signin
-------------------------------------------
Логин: неавторизованный пользователь
Дата и время: 2021-12-02 15:09:21.725937
Вызвана функция: signin
-------------------------------------------
Логин: turganovai
Дата и время: 2021-12-02 15:09:22.623814
Вызвана функция: index
-------------------------------------------
Логин: turganovai
Дата и время: 2021-12-02 15:09:26.033764
Вызвана функция: render_dashapp8_empty_transportations
-------------------------------------------
Логин: неавторизованный пользователь
Дата и время: 2021-12-02 15:09:44.271739
Вызвана функция: signin
-------------------------------------------
Логин: неавторизованный пользователь
Дата и время: 2021-12-02 15:09:46.408515
Вызвана функция: signin
-------------------------------------------
Логин: turganovai
Дата и время: 2021-12-02 15:09:47.154171
Вызвана функция: render_dashapp8_empty_transportations
-------------------------------------------
Логин: неавторизованный пользователь
Дата и время: 2021-12-02 15:11:50.849557
Вызвана функция: signin
-------------------------------------------
Логин: неавторизованный пользователь
Дата и время: 2021-12-02 15:11:53.126623
Вызвана функция: signin
-------------------------------------------
Логин: turganovai
Дата и время: 2021-12-02 15:11:54.057038
Вызвана функция: render_dashapp8_empty_transportations
-------------------------------------------
Логин: неавторизованный пользователь
Дата и время: 2021-12-02 15:13:37.059218
Вызвана функция: signin
-------------------------------------------
Логин: неавторизованный пользователь
Дата и время: 2021-12-02 15:13:39.243248
Вызвана функция: signin
-------------------------------------------
Логин: turganovai
Дата и время: 2021-12-02 15:13:40.150253
Вызвана функция: render_dashapp8_empty_transportations
-------------------------------------------
Логин: неавторизованный пользователь
Дата и время: 2021-12-02 15:14:59.736653
Вызвана функция: signin
-------------------------------------------
Логин: неавторизованный пользователь
Дата и время: 2021-12-02 15:15:06.305559
Вызвана функция: signin
-------------------------------------------
Логин: turganovai
Дата и время: 2021-12-02 15:15:07.268548
Вызвана функция: render_dashapp8_empty_transportations
-------------------------------------------
Логин: неавторизованный пользователь
Дата и время: 2021-12-02 15:16:42.813773
Вызвана функция: signin
-------------------------------------------
Логин: неавторизованный пользователь
Дата и время: 2021-12-02 15:16:47.839861
Вызвана функция: signin
-------------------------------------------
Логин: turganovai
Дата и время: 2021-12-02 15:16:48.763906
Вызвана функция: render_dashapp8_empty_transportations
-------------------------------------------
Логин: неавторизованный пользователь
Дата и время: 2021-12-02 15:19:30.275186
Вызвана функция: signin
-------------------------------------------
Логин: неавторизованный пользователь
Дата и время: 2021-12-02 15:19:32.387882
Вызвана функция: signin
-------------------------------------------
Логин: turganovai
Дата и время: 2021-12-02 15:19:33.319278
Вызвана функция: render_dashapp8_empty_transportations
-------------------------------------------
Логин: неавторизованный пользователь
Дата и время: 2021-12-02 15:22:20.402029
Вызвана функция: signin
-------------------------------------------
Логин: неавторизованный пользователь
Дата и время: 2021-12-02 15:22:22.466505
Вызвана функция: signin
-------------------------------------------
Логин: turganovai
Дата и время: 2021-12-02 15:22:23.371977
Вызвана функция: render_dashapp8_empty_transportations
-------------------------------------------
Логин: неавторизованный пользователь
Дата и время: 2021-12-02 15:23:49.378995
Вызвана функция: signin
-------------------------------------------
Логин: неавторизованный пользователь
Дата и время: 2021-12-02 15:23:51.404974
Вызвана функция: signin
-------------------------------------------
Логин: turganovai
Дата и время: 2021-12-02 15:23:52.314380
Вызвана функция: render_dashapp8_empty_transportations
-------------------------------------------
Логин: неавторизованный пользователь
Дата и время: 2021-12-02 15:24:23.652717
Вызвана функция: signin
-------------------------------------------
Логин: неавторизованный пользователь
Дата и время: 2021-12-02 15:24:25.590533
Вызвана функция: signin
-------------------------------------------
Логин: turganovai
Дата и время: 2021-12-02 15:24:26.486895
Вызвана функция: render_dashapp8_empty_transportations
-------------------------------------------
Логин: неавторизованный пользователь
Дата и время: 2021-12-02 15:25:25.568749
Вызвана функция: signin
-------------------------------------------
Логин: неавторизованный пользователь
Дата и время: 2021-12-02 15:25:28.398559
Вызвана функция: signin
-------------------------------------------
Логин: turganovai
Дата и время: 2021-12-02 15:25:29.447668
Вызвана функция: render_dashapp8_empty_transportations
-------------------------------------------
Логин: неавторизованный пользователь
Дата и время: 2021-12-02 15:27:26.544106
Вызвана функция: signin
-------------------------------------------
Логин: неавторизованный пользователь
Дата и время: 2021-12-02 15:27:29.074094
Вызвана функция: signin
-------------------------------------------
Логин: turganovai
Дата и время: 2021-12-02 15:27:29.946138
Вызвана функция: render_dashapp8_empty_transportations
-------------------------------------------
Логин: неавторизованный пользователь
Дата и время: 2021-12-02 15:51:42.208675
Вызвана функция: signin
-------------------------------------------
Логин: неавторизованный пользователь
Дата и время: 2021-12-02 15:51:44.685580
Вызвана функция: signin
-------------------------------------------
Логин: turganovai
Дата и время: 2021-12-02 15:51:45.607791
Вызвана функция: render_dashapp8_empty_transportations
-------------------------------------------
Логин: неавторизованный пользователь
Дата и время: 2021-12-02 15:55:48.928711
Вызвана функция: signin
-------------------------------------------
Логин: неавторизованный пользователь
Дата и время: 2021-12-02 15:55:51.374362
Вызвана функция: signin
-------------------------------------------
Логин: turganovai
Дата и время: 2021-12-02 15:55:52.273132
Вызвана функция: render_dashapp8_empty_transportations
-------------------------------------------
Логин: неавторизованный пользователь
Дата и время: 2021-12-02 15:56:26.749714
Вызвана функция: signin
-------------------------------------------
Логин: неавторизованный пользователь
Дата и время: 2021-12-02 15:56:29.051283
Вызвана функция: signin
-------------------------------------------
Логин: turganovai
Дата и время: 2021-12-02 15:56:29.987378
Вызвана функция: render_dashapp8_empty_transportations
-------------------------------------------
Логин: неавторизованный пользователь
Дата и время: 2021-12-02 15:57:09.758870
Вызвана функция: signin
-------------------------------------------
Логин: неавторизованный пользователь
Дата и время: 2021-12-02 15:57:12.115593
Вызвана функция: signin
-------------------------------------------
Логин: turganovai
Дата и время: 2021-12-02 15:57:13.042502
Вызвана функция: render_dashapp1
-------------------------------------------
Логин: turganovai
Дата и время: 2021-12-02 15:57:30.992505
Вызвана функция: render_resellers
-------------------------------------------
Логин: turganovai
Дата и время: 2021-12-02 15:57:31.899004
Вызвана функция: serverside_table
-------------------------------------------
Логин: turganovai
Дата и время: 2021-12-02 15:57:39.782994
Вызвана функция: render_repair0
-------------------------------------------
Логин: turganovai
Дата и время: 2021-12-02 15:57:40.397084
Вызвана функция: serverside_table
-------------------------------------------
Логин: turganovai
Дата и время: 2021-12-02 15:57:41.902051
Вызвана функция: render_dashapp3
-------------------------------------------
Логин: turganovai
Дата и время: 2021-12-02 15:57:44.121768
Вызвана функция: render_dashapp1
-------------------------------------------
Логин: turganovai
Дата и время: 2021-12-02 15:57:47.910446
Вызвана функция: render_limit_oper
-------------------------------------------
Логин: неавторизованный пользователь
Дата и время: 2021-12-02 16:04:02.149624
Вызвана функция: signin
-------------------------------------------
Логин: неавторизованный пользователь
Дата и время: 2021-12-02 16:04:05.390638
Вызвана функция: signin
-------------------------------------------
Логин: turganovai
Дата и время: 2021-12-02 16:04:06.250593
Вызвана функция: render_limit_oper
-------------------------------------------
Логин: turganovai
Дата и время: 2021-12-02 16:05:29.023369
Вызвана функция: render_dashapp8_empty_transportations
-------------------------------------------
Логин: неавторизованный пользователь
Дата и время: 2021-12-02 16:11:03.080847
Вызвана функция: signin
-------------------------------------------
Логин: неавторизованный пользователь
Дата и время: 2021-12-02 16:11:21.244021
Вызвана функция: signin
-------------------------------------------
Логин: turganovai
Дата и время: 2021-12-02 16:11:22.287495
Вызвана функция: render_dashapp8_empty_transportations
-------------------------------------------
Логин: неавторизованный пользователь
Дата и время: 2021-12-02 16:12:18.235067
Вызвана функция: signin
-------------------------------------------
Логин: неавторизованный пользователь
Дата и время: 2021-12-02 16:12:20.560378
Вызвана функция: signin
-------------------------------------------
Логин: turganovai
Дата и время: 2021-12-02 16:12:21.415685
Вызвана функция: render_dashapp8_empty_transportations
-------------------------------------------
Логин: неавторизованный пользователь
Дата и время: 2021-12-02 16:13:32.339372
Вызвана функция: signin
-------------------------------------------
Логин: неавторизованный пользователь
Дата и время: 2021-12-02 16:13:34.561601
Вызвана функция: signin
-------------------------------------------
Логин: turganovai
Дата и время: 2021-12-02 16:13:35.620103
Вызвана функция: render_dashapp8_empty_transportations
-------------------------------------------
Логин: неавторизованный пользователь
Дата и время: 2021-12-02 16:16:22.248418
Вызвана функция: signin
-------------------------------------------
Логин: неавторизованный пользователь
Дата и время: 2021-12-02 16:16:26.321795
Вызвана функция: signin
-------------------------------------------
Логин: turganovai
Дата и время: 2021-12-02 16:16:27.275186
Вызвана функция: render_dashapp8_empty_transportations
-------------------------------------------
Логин: неавторизованный пользователь
Дата и время: 2021-12-02 16:18:18.381275
Вызвана функция: signin
-------------------------------------------
Логин: неавторизованный пользователь
Дата и время: 2021-12-02 16:18:21.597414
Вызвана функция: signin
-------------------------------------------
Логин: turganovai
Дата и время: 2021-12-02 16:18:22.476427
Вызвана функция: render_dashapp8_empty_transportations
-------------------------------------------
Логин: неавторизованный пользователь
Дата и время: 2021-12-02 16:19:42.174476
Вызвана функция: signin
-------------------------------------------
Логин: неавторизованный пользователь
Дата и время: 2021-12-02 16:19:51.291035
Вызвана функция: signin
-------------------------------------------
Логин: неавторизованный пользователь
Дата и время: 2021-12-02 16:19:51.352777
Вызвана функция: signin
-------------------------------------------
Логин: неавторизованный пользователь
Дата и время: 2021-12-02 16:19:57.701559
Вызвана функция: signin
-------------------------------------------
Логин: turganovai
Дата и время: 2021-12-02 16:19:58.237497
Вызвана функция: index
-------------------------------------------
Логин: turganovai
Дата и время: 2021-12-02 16:20:00.394388
Вызвана функция: render_dashapp8_empty_transportations
-------------------------------------------
Логин: неавторизованный пользователь
Дата и время: 2021-12-02 17:12:16.422804
Вызвана функция: signin
-------------------------------------------
Логин: неавторизованный пользователь
Дата и время: 2021-12-02 17:12:26.107369
Вызвана функция: signin
-------------------------------------------
Логин: turganovai
Дата и время: 2021-12-02 17:12:26.740366
Вызвана функция: render_dashapp8_empty_transportations
-------------------------------------------
Логин: неавторизованный пользователь
Дата и время: 2021-12-02 17:13:47.983670
Вызвана функция: signin
-------------------------------------------
Логин: неавторизованный пользователь
Дата и время: 2021-12-02 17:13:53.895052
Вызвана функция: signin
-------------------------------------------
Логин: turganovai
Дата и время: 2021-12-02 17:13:54.521376
Вызвана функция: render_dashapp8_empty_transportations
-------------------------------------------
Логин: неавторизованный пользователь
Дата и время: 2021-12-02 17:22:28.004555
Вызвана функция: signin
-------------------------------------------
Логин: неавторизованный пользователь
Дата и время: 2021-12-02 17:22:31.429230
Вызвана функция: signin
-------------------------------------------
Логин: turganovai
Дата и время: 2021-12-02 17:22:32.361537
Вызвана функция: render_dashapp8_empty_transportations
-------------------------------------------
Логин: неавторизованный пользователь
Дата и время: 2021-12-02 17:26:55.310469
Вызвана функция: signin
-------------------------------------------
Логин: неавторизованный пользователь
Дата и время: 2021-12-02 17:26:59.375729
Вызвана функция: signin
-------------------------------------------
Логин: turganovai
Дата и время: 2021-12-02 17:27:00.239788
Вызвана функция: render_dashapp8_empty_transportations
-------------------------------------------
Логин: неавторизованный пользователь
Дата и время: 2021-12-02 17:37:42.619493
Вызвана функция: signin
-------------------------------------------
Логин: неавторизованный пользователь
Дата и время: 2021-12-02 17:37:45.049780
Вызвана функция: signin
-------------------------------------------
Логин: turganovai
Дата и время: 2021-12-02 17:37:45.958147
Вызвана функция: render_dashapp8_empty_transportations
-------------------------------------------
Логин: неавторизованный пользователь
Дата и время: 2021-12-03 03:32:20.370499
Вызвана функция: signin
-------------------------------------------
Логин: неавторизованный пользователь
Дата и время: 2021-12-03 03:32:23.233609
Вызвана функция: signin
-------------------------------------------
Логин: turganovai
Дата и время: 2021-12-03 03:32:24.120429
Вызвана функция: render_dashapp8_empty_transportations
-------------------------------------------
Логин: неавторизованный пользователь
Дата и время: 2021-12-03 03:41:10.675802
Вызвана функция: signin
-------------------------------------------
Логин: неавторизованный пользователь
Дата и время: 2021-12-03 03:41:12.901287
Вызвана функция: signin
-------------------------------------------
Логин: turganovai
Дата и время: 2021-12-03 03:41:13.977166
Вызвана функция: render_dashapp8_empty_transportations
-------------------------------------------
Логин: неавторизованный пользователь
Дата и время: 2021-12-03 03:45:01.146899
Вызвана функция: signin
-------------------------------------------
Логин: неавторизованный пользователь
Дата и время: 2021-12-03 03:45:05.048019
Вызвана функция: signin
-------------------------------------------
Логин: turganovai
Дата и время: 2021-12-03 03:45:06.020802
Вызвана функция: render_dashapp8_empty_transportations
-------------------------------------------
Логин: неавторизованный пользователь
Дата и время: 2021-12-03 03:46:53.392089
Вызвана функция: signin
-------------------------------------------
Логин: неавторизованный пользователь
Дата и время: 2021-12-03 03:46:55.994531
Вызвана функция: signin
-------------------------------------------
Логин: turganovai
Дата и время: 2021-12-03 03:46:57.015271
Вызвана функция: render_dashapp8_empty_transportations
-------------------------------------------
Логин: неавторизованный пользователь
Дата и время: 2021-12-03 03:47:55.979856
Вызвана функция: signin
-------------------------------------------
Логин: неавторизованный пользователь
Дата и время: 2021-12-03 03:47:58.912134
Вызвана функция: signin
-------------------------------------------
Логин: turganovai
Дата и время: 2021-12-03 03:47:59.890224
Вызвана функция: render_dashapp8_empty_transportations
-------------------------------------------
Логин: неавторизованный пользователь
Дата и время: 2021-12-03 03:50:09.298444
Вызвана функция: signin
-------------------------------------------
Логин: неавторизованный пользователь
Дата и время: 2021-12-03 03:50:12.668596
Вызвана функция: signin
-------------------------------------------
Логин: turganovai
Дата и время: 2021-12-03 03:50:13.621040
Вызвана функция: render_dashapp8_empty_transportations
-------------------------------------------
Логин: неавторизованный пользователь
Дата и время: 2021-12-03 03:58:20.045497
Вызвана функция: signin
-------------------------------------------
Логин: неавторизованный пользователь
Дата и время: 2021-12-03 03:58:22.707262
Вызвана функция: signin
-------------------------------------------
Логин: turganovai
Дата и время: 2021-12-03 03:58:28.625024
Вызвана функция: render_dashapp8_empty_transportations
-------------------------------------------
Логин: неавторизованный пользователь
Дата и время: 2021-12-03 03:59:52.806385
Вызвана функция: signin
-------------------------------------------
Логин: неавторизованный пользователь
Дата и время: 2021-12-03 03:59:55.490975
Вызвана функция: signin
-------------------------------------------
Логин: turganovai
Дата и время: 2021-12-03 03:59:56.387782
Вызвана функция: render_dashapp8_empty_transportations
-------------------------------------------
Логин: неавторизованный пользователь
Дата и время: 2021-12-03 04:01:03.939924
Вызвана функция: signin
-------------------------------------------
Логин: неавторизованный пользователь
Дата и время: 2021-12-03 04:01:06.223172
Вызвана функция: signin
-------------------------------------------
Логин: turganovai
Дата и время: 2021-12-03 04:01:07.137977
Вызвана функция: render_dashapp8_empty_transportations
-------------------------------------------
Логин: неавторизованный пользователь
Дата и время: 2021-12-03 04:05:29.902873
Вызвана функция: signin
-------------------------------------------
Логин: неавторизованный пользователь
Дата и время: 2021-12-03 04:05:33.171549
Вызвана функция: signin
-------------------------------------------
Логин: turganovai
Дата и время: 2021-12-03 04:05:34.124551
Вызвана функция: render_dashapp8_empty_transportations
-------------------------------------------
Логин: неавторизованный пользователь
Дата и время: 2021-12-03 04:06:15.773119
Вызвана функция: signin
-------------------------------------------
Логин: неавторизованный пользователь
Дата и время: 2021-12-03 04:06:18.159191
Вызвана функция: signin
-------------------------------------------
Логин: turganovai
Дата и время: 2021-12-03 04:06:19.078130
Вызвана функция: render_dashapp8_empty_transportations
-------------------------------------------
Логин: неавторизованный пользователь
Дата и время: 2021-12-03 04:07:15.282860
Вызвана функция: signin
-------------------------------------------
Логин: неавторизованный пользователь
Дата и время: 2021-12-03 04:07:15.888522
Вызвана функция: signin
-------------------------------------------
Логин: неавторизованный пользователь
Дата и время: 2021-12-03 04:07:17.938709
Вызвана функция: signin
-------------------------------------------
Логин: turganovai
Дата и время: 2021-12-03 04:07:19.071642
Вызвана функция: render_dashapp8_empty_transportations
-------------------------------------------
Логин: неавторизованный пользователь
Дата и время: 2021-12-03 04:10:35.584275
Вызвана функция: signin
-------------------------------------------
Логин: неавторизованный пользователь
Дата и время: 2021-12-03 04:10:38.309606
Вызвана функция: signin
-------------------------------------------
Логин: turganovai
Дата и время: 2021-12-03 04:10:39.283562
Вызвана функция: render_dashapp8_empty_transportations
-------------------------------------------
Логин: неавторизованный пользователь
Дата и время: 2021-12-03 04:14:33.804232
Вызвана функция: signin
-------------------------------------------
Логин: неавторизованный пользователь
Дата и время: 2021-12-03 04:14:36.111455
Вызвана функция: signin
-------------------------------------------
Логин: turganovai
Дата и время: 2021-12-03 04:14:37.086036
Вызвана функция: render_dashapp8_empty_transportations
-------------------------------------------
Логин: неавторизованный пользователь
Дата и время: 2021-12-03 04:16:14.212712
Вызвана функция: signin
-------------------------------------------
Логин: неавторизованный пользователь
Дата и время: 2021-12-03 04:16:17.204539
Вызвана функция: signin
-------------------------------------------
Логин: turganovai
Дата и время: 2021-12-03 04:16:18.082360
Вызвана функция: render_dashapp8_empty_transportations
-------------------------------------------
Логин: неавторизованный пользователь
Дата и время: 2021-12-03 04:18:00.256703
Вызвана функция: signin
-------------------------------------------
Логин: неавторизованный пользователь
Дата и время: 2021-12-03 04:18:02.871428
Вызвана функция: signin
-------------------------------------------
Логин: turganovai
Дата и время: 2021-12-03 04:18:03.878217
Вызвана функция: render_dashapp8_empty_transportations
-------------------------------------------
Логин: неавторизованный пользователь
Дата и время: 2021-12-03 04:18:50.907577
Вызвана функция: signin
-------------------------------------------
Логин: неавторизованный пользователь
Дата и время: 2021-12-03 04:18:53.043476
Вызвана функция: signin
-------------------------------------------
Логин: turganovai
Дата и время: 2021-12-03 04:18:54.051654
Вызвана функция: render_dashapp8_empty_transportations
-------------------------------------------
Логин: неавторизованный пользователь
Дата и время: 2021-12-03 04:25:23.715621
Вызвана функция: signin
-------------------------------------------
Логин: неавторизованный пользователь
Дата и время: 2021-12-03 04:25:26.174694
Вызвана функция: signin
-------------------------------------------
Логин: turganovai
Дата и время: 2021-12-03 04:25:27.070336
Вызвана функция: render_dashapp8_empty_transportations
-------------------------------------------
Логин: неавторизованный пользователь
Дата и время: 2021-12-03 04:26:39.777667
Вызвана функция: signin
-------------------------------------------
Логин: неавторизованный пользователь
Дата и время: 2021-12-03 04:26:44.678993
Вызвана функция: signin
-------------------------------------------
Логин: turganovai
Дата и время: 2021-12-03 04:26:45.608653
Вызвана функция: render_dashapp8_empty_transportations
-------------------------------------------
Логин: неавторизованный пользователь
Дата и время: 2021-12-03 04:28:13.802538
Вызвана функция: signin
-------------------------------------------
Логин: неавторизованный пользователь
Дата и время: 2021-12-03 04:28:16.124105
Вызвана функция: signin
-------------------------------------------
Логин: turganovai
Дата и время: 2021-12-03 04:28:17.072477
Вызвана функция: render_dashapp8_empty_transportations
-------------------------------------------
Логин: неавторизованный пользователь
Дата и время: 2021-12-03 04:30:43.622342
Вызвана функция: signin
-------------------------------------------
Логин: неавторизованный пользователь
Дата и время: 2021-12-03 04:30:45.753958
Вызвана функция: signin
-------------------------------------------
Логин: turganovai
Дата и время: 2021-12-03 04:30:46.722976
Вызвана функция: render_dashapp8_empty_transportations
-------------------------------------------
Логин: неавторизованный пользователь
Дата и время: 2021-12-03 04:31:23.046162
Вызвана функция: signin
-------------------------------------------
Логин: неавторизованный пользователь
Дата и время: 2021-12-03 04:31:26.135363
Вызвана функция: signin
-------------------------------------------
Логин: turganovai
Дата и время: 2021-12-03 04:31:27.105343
Вызвана функция: render_dashapp8_empty_transportations
-------------------------------------------
Логин: неавторизованный пользователь
Дата и время: 2021-12-03 04:32:35.982276
Вызвана функция: signin
-------------------------------------------
Логин: неавторизованный пользователь
Дата и время: 2021-12-03 04:32:38.505203
Вызвана функция: signin
-------------------------------------------
Логин: turganovai
Дата и время: 2021-12-03 04:32:39.445887
Вызвана функция: render_dashapp8_empty_transportations
-------------------------------------------
Логин: неавторизованный пользователь
Дата и время: 2021-12-03 04:34:57.172691
Вызвана функция: signin
-------------------------------------------
Логин: неавторизованный пользователь
Дата и время: 2021-12-03 04:34:59.273922
Вызвана функция: signin
-------------------------------------------
Логин: turganovai
Дата и время: 2021-12-03 04:35:00.262362
Вызвана функция: render_dashapp8_empty_transportations
-------------------------------------------
Логин: неавторизованный пользователь
Дата и время: 2021-12-03 04:36:42.057153
Вызвана функция: signin
-------------------------------------------
Логин: неавторизованный пользователь
Дата и время: 2021-12-03 04:36:45.613685
Вызвана функция: signin
-------------------------------------------
Логин: turganovai
Дата и время: 2021-12-03 04:36:46.595028
Вызвана функция: render_dashapp8_empty_transportations
-------------------------------------------
Логин: неавторизованный пользователь
Дата и время: 2021-12-03 04:39:38.325395
Вызвана функция: signin
-------------------------------------------
Логин: неавторизованный пользователь
Дата и время: 2021-12-03 04:39:41.481107
Вызвана функция: signin
-------------------------------------------
Логин: turganovai
Дата и время: 2021-12-03 04:39:42.416569
Вызвана функция: render_dashapp8_empty_transportations
-------------------------------------------
Логин: неавторизованный пользователь
Дата и время: 2021-12-03 04:41:22.841427
Вызвана функция: signin
-------------------------------------------
Логин: неавторизованный пользователь
Дата и время: 2021-12-03 04:41:25.140588
Вызвана функция: signin
-------------------------------------------
Логин: turganovai
Дата и время: 2021-12-03 04:41:26.114539
Вызвана функция: render_dashapp8_empty_transportations
-------------------------------------------
Логин: turganovai
Дата и время: 2021-12-03 04:43:25.428536
Вызвана функция: render_dashapp8_empty_transportations
-------------------------------------------
Логин: неавторизованный пользователь
Дата и время: 2021-12-03 04:45:39.620765
Вызвана функция: signin
-------------------------------------------
Логин: неавторизованный пользователь
Дата и время: 2021-12-03 04:45:42.066783
Вызвана функция: signin
-------------------------------------------
Логин: turganovai
Дата и время: 2021-12-03 04:45:43.060110
Вызвана функция: render_dashapp8_empty_transportations
-------------------------------------------
Логин: неавторизованный пользователь
Дата и время: 2021-12-03 04:47:39.630938
Вызвана функция: signin
-------------------------------------------
Логин: неавторизованный пользователь
Дата и время: 2021-12-03 04:47:40.028505
Вызвана функция: signin
-------------------------------------------
Логин: неавторизованный пользователь
Дата и время: 2021-12-03 04:47:43.213052
Вызвана функция: signin
-------------------------------------------
Логин: turganovai
Дата и время: 2021-12-03 04:47:44.156790
Вызвана функция: render_dashapp8_empty_transportations
-------------------------------------------
Логин: неавторизованный пользователь
Дата и время: 2021-12-03 04:48:50.827381
Вызвана функция: signin
-------------------------------------------
Логин: неавторизованный пользователь
Дата и время: 2021-12-03 04:48:53.035470
Вызвана функция: signin
-------------------------------------------
Логин: turganovai
Дата и время: 2021-12-03 04:48:54.041551
Вызвана функция: render_dashapp8_empty_transportations
-------------------------------------------
Логин: неавторизованный пользователь
Дата и время: 2021-12-03 04:49:44.489926
Вызвана функция: signin
-------------------------------------------
Логин: неавторизованный пользователь
Дата и время: 2021-12-03 04:49:46.587204
Вызвана функция: signin
-------------------------------------------
Логин: turganovai
Дата и время: 2021-12-03 04:49:47.595150
Вызвана функция: render_dashapp8_empty_transportations
-------------------------------------------
Логин: неавторизованный пользователь
Дата и время: 2021-12-03 04:54:20.058176
Вызвана функция: signin
-------------------------------------------
Логин: неавторизованный пользователь
Дата и время: 2021-12-03 04:54:23.760304
Вызвана функция: signin
-------------------------------------------
Логин: turganovai
Дата и время: 2021-12-03 04:54:24.940119
Вызвана функция: render_dashapp8_empty_transportations
-------------------------------------------
Логин: неавторизованный пользователь
Дата и время: 2021-12-03 04:57:54.878550
Вызвана функция: signin
-------------------------------------------
Логин: неавторизованный пользователь
Дата и время: 2021-12-03 04:57:57.100030
Вызвана функция: signin
-------------------------------------------
Логин: turganovai
Дата и время: 2021-12-03 04:57:58.079459
Вызвана функция: render_dashapp8_empty_transportations
-------------------------------------------
Логин: неавторизованный пользователь
Дата и время: 2021-12-03 05:00:33.186585
Вызвана функция: signin
-------------------------------------------
Логин: неавторизованный пользователь
Дата и время: 2021-12-03 05:00:36.123635
Вызвана функция: signin
-------------------------------------------
Логин: turganovai
Дата и время: 2021-12-03 05:00:36.994481
Вызвана функция: render_dashapp8_empty_transportations
-------------------------------------------
Логин: неавторизованный пользователь
Дата и время: 2021-12-03 05:01:17.689775
Вызвана функция: signin
-------------------------------------------
Логин: неавторизованный пользователь
Дата и время: 2021-12-03 05:01:19.652354
Вызвана функция: signin
-------------------------------------------
Логин: turganovai
Дата и время: 2021-12-03 05:01:20.639233
Вызвана функция: render_dashapp8_empty_transportations
-------------------------------------------
Логин: неавторизованный пользователь
Дата и время: 2021-12-03 05:11:09.240524
Вызвана функция: signin
-------------------------------------------
Логин: неавторизованный пользователь
Дата и время: 2021-12-03 05:11:11.746200
Вызвана функция: signin
-------------------------------------------
Логин: turganovai
Дата и время: 2021-12-03 05:11:12.721708
Вызвана функция: render_dashapp8_empty_transportations
-------------------------------------------
Логин: неавторизованный пользователь
Дата и время: 2021-12-03 05:12:15.842194
Вызвана функция: signin
-------------------------------------------
Логин: неавторизованный пользователь
Дата и время: 2021-12-03 05:12:18.177540
Вызвана функция: signin
-------------------------------------------
Логин: turganovai
Дата и время: 2021-12-03 05:12:19.073030
Вызвана функция: render_dashapp8_empty_transportations
-------------------------------------------
Логин: неавторизованный пользователь
Дата и время: 2021-12-03 05:17:31.125454
Вызвана функция: redirect_login
-------------------------------------------
Логин: неавторизованный пользователь
Дата и время: 2021-12-03 05:17:31.182035
Вызвана функция: signin
-------------------------------------------
Логин: неавторизованный пользователь
Дата и время: 2021-12-03 05:17:39.182593
Вызвана функция: signin
-------------------------------------------
Логин: неавторизованный пользователь
Дата и время: 2021-12-03 05:17:41.421057
Вызвана функция: signin
-------------------------------------------
Логин: turganovai
Дата и время: 2021-12-03 05:17:42.317286
Вызвана функция: render_dashapp8_empty_transportations
-------------------------------------------
Логин: неавторизованный пользователь
Дата и время: 2021-12-03 05:18:13.887797
Вызвана функция: signin
-------------------------------------------
Логин: неавторизованный пользователь
Дата и время: 2021-12-03 05:18:16.543094
Вызвана функция: signin
-------------------------------------------
Логин: turganovai
Дата и время: 2021-12-03 05:18:17.509612
Вызвана функция: render_dashapp8_empty_transportations
-------------------------------------------
Логин: неавторизованный пользователь
Дата и время: 2021-12-03 05:20:54.128614
Вызвана функция: signin
-------------------------------------------
Логин: неавторизованный пользователь
Дата и время: 2021-12-03 05:20:56.743333
Вызвана функция: signin
-------------------------------------------
Логин: turganovai
Дата и время: 2021-12-03 05:20:57.707075
Вызвана функция: render_dashapp8_empty_transportations
-------------------------------------------
